2026-05-02 21:28:55 [INFO] === Daily Huddle Started — Saturday, May 02, 2026 ===
2026-05-02 21:28:55 [INFO] Database connected.
2026-05-02 21:28:55 [INFO] Schedule: 0 appointments
2026-05-02 21:28:55 [INFO] No-shows yesterday: 7
2026-05-02 21:28:55 [INFO] Insurance records fetched: 0
2026-05-02 22:55:17 [INFO] === Daily Huddle Started — Saturday, May 02, 2026 ===
2026-05-02 22:55:17 [INFO] Database connected.
2026-05-02 22:55:17 [INFO] Schedule: 0 appointments
2026-05-02 22:55:17 [INFO] No-shows yesterday: 7
2026-05-02 22:55:17 [INFO] Insurance records fetched: 0
2026-05-02 22:55:18 [INFO] \u2705 Huddle email sent to pristine392@gmail.com
2026-05-02 22:55:18 [INFO] === Done ===

2026-05-02 22:57:52 [INFO] === Daily Huddle Started — Saturday, May 02, 2026 ===
2026-05-02 22:57:52 [INFO] Database connected.
2026-05-02 22:57:52 [INFO] Schedule: 11 appointments
2026-05-02 22:57:52 [INFO] No-shows yesterday: 7
2026-05-02 22:57:52 [INFO] Insurance records fetched: 0
2026-05-02 22:57:53 [INFO] \u2705 Huddle email sent to pristine392@gmail.com
2026-05-02 22:57:53 [INFO] === Done ===

2026-05-02 23:30:03 [INFO] === Daily Huddle Started — Saturday, May 02, 2026 ===
2026-05-02 23:30:03 [INFO] Database connected.
2026-05-02 23:30:03 [INFO] Schedule: 11 appointments
2026-05-02 23:30:03 [INFO] No-shows yesterday: 7
2026-05-02 23:30:03 [INFO] Insurance records fetched: 0
2026-05-02 23:30:04 [INFO] \u2705 Huddle email sent to pristine9027@gmail.com
2026-05-02 23:30:04 [INFO] === Done ===

2026-05-04 00:35:17 [INFO] === Daily Huddle Started — Monday, May 04, 2026 ===
2026-05-04 00:35:17 [INFO] Database connected.
2026-05-04 00:35:17 [INFO] Schedule: 55 appointments
2026-05-04 00:35:17 [INFO] No-shows yesterday: 0
2026-05-04 00:35:17 [INFO] Insurance records fetched: 48
2026-05-04 00:44:51 [INFO] === Daily Huddle Started — Monday, May 04, 2026 ===
2026-05-04 00:44:51 [INFO] Database connected.
2026-05-04 00:44:51 [INFO] Schedule: 55 appointments
2026-05-04 00:44:52 [INFO] No-shows yesterday: 0
2026-05-04 00:44:52 [INFO] Insurance records fetched: 48
2026-05-04 00:49:19 [INFO] === Daily Huddle Started — Monday, May 04, 2026 ===
2026-05-04 00:49:19 [INFO] Database connected.
2026-05-04 00:49:19 [INFO] Schedule: 55 appointments
2026-05-04 00:49:19 [INFO] No-shows yesterday: 0
2026-05-04 00:49:19 [INFO] Insurance records fetched: 48
2026-05-04 00:49:20 [INFO] \u2705 Huddle email sent to pristine9027@gmail.com
2026-05-04 00:49:20 [INFO] === Done ===

2026-05-04 00:53:48 [INFO] === Daily Huddle Started — Monday, May 04, 2026 ===
2026-05-04 00:53:48 [INFO] Database connected.
2026-05-04 00:53:48 [INFO] Schedule: 55 appointments
2026-05-04 00:53:48 [INFO] No-shows yesterday: 0
2026-05-04 00:53:48 [INFO] Insurance records fetched: 48
2026-05-04 00:53:50 [INFO] \u2705 Huddle email sent to pristine9027@gmail.com, pristine392@gmail.com
2026-05-04 00:53:50 [INFO] === Done ===

2026-05-04 00:59:48 [INFO] === Daily Huddle Started — Monday, May 04, 2026 ===
2026-05-04 00:59:48 [INFO] Database connected.
2026-05-04 00:59:48 [INFO] Schedule: 55 appointments
2026-05-04 00:59:49 [INFO] No-shows yesterday: 0
2026-05-04 00:59:49 [INFO] Insurance records fetched: 48
2026-05-04 00:59:50 [INFO] \u2705 Huddle email sent to pristine9027@gmail.com, pristine392@gmail.com
2026-05-04 00:59:50 [INFO] === Done ===

2026-05-04 01:12:04 [INFO] === Daily Huddle Started — Monday, May 04, 2026 ===
2026-05-04 01:12:04 [INFO] Database connected.
2026-05-04 01:12:05 [INFO] Schedule: 55 appointments
2026-05-04 01:12:05 [INFO] No-shows yesterday: 0
2026-05-04 01:12:20 [INFO] Insurance records fetched: 48
2026-05-04 01:12:22 [INFO] \u2705 Huddle email sent to pristine9027@gmail.com, pristine392@gmail.com
2026-05-04 01:12:22 [INFO] === Done ===

2026-05-04 21:31:39 [INFO] === Daily Huddle Started — Monday, May 04, 2026 ===
2026-05-04 21:31:39 [INFO] Database connected.
2026-05-04 21:31:39 [INFO] Schedule: 37 appointments
2026-05-04 21:31:39 [INFO] No-shows yesterday: 0
2026-05-04 21:31:46 [INFO] Insurance records fetched: 0
2026-05-04 21:31:47 [INFO] Missing routing slips yesterday: 0
2026-05-04 21:31:49 [INFO] \u2705 Huddle email sent to pristine9027@gmail.com, pristine392@gmail.com
2026-05-04 21:31:49 [INFO] === Done ===

2026-05-05 08:00:03 [INFO] === Daily Huddle Started — Tuesday, May 05, 2026 ===
2026-05-05 08:00:03 [INFO] Database connected.
2026-05-05 08:00:03 [INFO] Schedule: 38 appointments
2026-05-05 08:00:03 [INFO] No-shows yesterday: 10
2026-05-05 08:00:12 [INFO] Insurance records fetched: 36
2026-05-05 08:00:12 [INFO] Missing routing slips yesterday: 3
2026-05-05 08:00:15 [INFO] \u2705 Huddle email sent to pristine9027@gmail.com, pristine392@gmail.com
2026-05-05 08:00:15 [INFO] === Done ===

2026-05-06 08:00:01 [INFO] === Daily Huddle Started — Wednesday, May 06, 2026 ===
2026-05-06 08:00:01 [INFO] Database connected.
2026-05-06 08:00:01 [INFO] Schedule: 45 appointments
2026-05-06 08:00:01 [INFO] Schedule: 45 appointments
2026-05-06 08:00:01 [INFO] No-shows yesterday: 4
2026-05-06 08:00:01 [INFO] No-shows yesterday: 4
2026-05-06 08:00:16 [INFO] Insurance records fetched: 36
2026-05-06 08:00:16 [INFO] Insurance records fetched: 36
2026-05-06 08:00:16 [INFO] Missing routing slips yesterday: 2
2026-05-06 08:00:16 [INFO] Missing routing slips yesterday: 2
2026-05-06 08:00:18 [INFO] \u2705 Huddle email sent to pristine9027@gmail.com, pristine392@gmail.com
2026-05-06 08:00:18 [INFO] === Done ===

2026-05-06 08:00:19 [INFO] \u2705 Huddle email sent to pristine9027@gmail.com, pristine392@gmail.com
2026-05-06 08:00:19 [INFO] === Done ===

2026-05-07 08:00:03 [INFO] === Daily Huddle Started — Thursday, May 07, 2026 ===
2026-05-07 08:00:03 [INFO] Database connected.
2026-05-07 08:00:03 [INFO] Database connected.
2026-05-07 08:00:03 [INFO] Schedule: 53 appointments
2026-05-07 08:00:03 [INFO] Schedule: 53 appointments
2026-05-07 08:00:03 [INFO] No-shows yesterday: 10
2026-05-07 08:00:03 [INFO] No-shows yesterday: 10
2026-05-07 08:00:17 [INFO] Insurance records fetched: 44
2026-05-07 08:00:17 [INFO] Insurance records fetched: 44
2026-05-07 08:00:17 [INFO] Missing routing slips yesterday: 2
2026-05-07 08:00:17 [INFO] Missing routing slips yesterday: 2
2026-05-07 08:00:19 [INFO] \u2705 Huddle email sent to pristine9027@gmail.com, pristine392@gmail.com
2026-05-07 08:00:19 [INFO] === Done ===

2026-05-07 08:00:20 [INFO] \u2705 Huddle email sent to pristine9027@gmail.com, pristine392@gmail.com
2026-05-07 08:00:20 [INFO] === Done ===

2026-05-08 08:00:01 [INFO] === Daily Huddle Started — Friday, May 08, 2026 ===
2026-05-08 08:00:01 [INFO] === Daily Huddle Started — Friday, May 08, 2026 ===
2026-05-08 08:00:01 [INFO] Database connected.
2026-05-08 08:00:01 [INFO] Schedule: 26 appointments
2026-05-08 08:00:01 [INFO] No-shows yesterday: 7
2026-05-08 08:00:15 [INFO] Insurance records fetched: 22
2026-05-08 08:00:15 [INFO] Insurance records fetched: 22
2026-05-08 08:00:15 [INFO] Missing routing slips yesterday: 1
2026-05-08 08:00:15 [INFO] Missing routing slips yesterday: 1
2026-05-08 08:00:23 [INFO] \u2705 Huddle email sent to pristine9027@gmail.com, pristine392@gmail.com
2026-05-08 08:00:23 [INFO] === Done ===

2026-05-08 08:00:24 [INFO] \u2705 Huddle email sent to pristine9027@gmail.com, pristine392@gmail.com
2026-05-08 08:00:24 [INFO] === Done ===

2026-05-09 08:00:01 [INFO] === Daily Huddle Started — Saturday, May 09, 2026 ===
2026-05-09 08:00:01 [INFO] === Daily Huddle Started — Saturday, May 09, 2026 ===
2026-05-09 08:00:01 [INFO] Database connected.
2026-05-09 08:00:01 [INFO] Database connected.
2026-05-09 08:00:01 [INFO] Schedule: 20 appointments
2026-05-09 08:00:01 [INFO] No-shows yesterday: 8
2026-05-09 08:00:01 [INFO] No-shows yesterday: 8
2026-05-09 08:00:16 [INFO] Insurance records fetched: 17
2026-05-09 08:00:16 [INFO] Insurance records fetched: 17
2026-05-09 08:00:16 [INFO] Missing routing slips yesterday: 3
2026-05-09 08:00:16 [INFO] Missing routing slips yesterday: 3
2026-05-09 08:00:17 [INFO] \u2705 Huddle email sent to pristine9027@gmail.com, pristine392@gmail.com
2026-05-09 08:00:17 [INFO] === Done ===

2026-05-09 08:00:18 [INFO] \u2705 Huddle email sent to pristine9027@gmail.com, pristine392@gmail.com
2026-05-09 08:00:18 [INFO] === Done ===

