2026-05-02 20:46:26 [INFO] === Production Dashboard Started — Saturday, May 02, 2026 ===
2026-05-02 20:46:26 [INFO] Database connected.
2026-05-02 20:46:27 [INFO] Patients seen: 11 (vs 0 last week)
2026-05-02 20:46:27 [INFO] Procedures: 38
2026-05-02 20:46:27 [INFO] Patient payments: 5
2026-05-02 20:46:27 [INFO] Insurance payments: 1
2026-05-02 20:46:28 [INFO] \u2705 Production report sent to pristine392@gmail.com
2026-05-02 20:46:28 [INFO]    Total collected: $2,065.00
2026-05-02 20:46:28 [INFO] === Done ===

2026-05-02 23:01:40 [INFO] === Production Dashboard Started — Saturday, May 02, 2026 ===
2026-05-02 23:01:40 [INFO] Database connected.
2026-05-02 23:01:42 [INFO] Patients seen: 11 (vs 0 last week)
2026-05-02 23:01:42 [INFO] Procedures: 38
2026-05-02 23:01:42 [INFO] Patient payments: 5
2026-05-02 23:01:42 [INFO] Insurance payments: 1
2026-05-02 23:01:45 [INFO] \u2705 Production report sent to pristine392@gmail.com
2026-05-02 23:01:45 [INFO]    Total collected: $2,065.00
2026-05-02 23:01:45 [INFO] === Done ===

2026-05-02 23:11:40 [INFO] === Production Dashboard Started — Saturday, May 02, 2026 ===
2026-05-02 23:11:40 [INFO] Database connected.
2026-05-02 23:11:42 [INFO] Patients seen: 11 (vs 0 last week)
2026-05-02 23:11:42 [INFO] Procedures: 38
2026-05-02 23:11:42 [INFO] Patient payments: 5
2026-05-02 23:11:42 [INFO] Insurance payments: 1
2026-05-02 23:11:43 [INFO] \u2705 Production report sent to pristine392@gmail.com
2026-05-02 23:11:43 [INFO]    Total collected: $2,065.00
2026-05-02 23:11:43 [INFO] === Done ===

2026-05-02 23:24:06 [INFO] === Production Dashboard Started — Saturday, May 02, 2026 ===
2026-05-02 23:24:06 [INFO] Database connected.
2026-05-02 23:24:08 [INFO] Patients seen: 11 today | 153 this week
2026-05-02 23:24:08 [INFO] Procedures: 38
2026-05-02 23:24:08 [INFO] Patient payments: 5
2026-05-02 23:24:08 [INFO] Insurance payments: 1
2026-05-02 23:24:08 [INFO] This week collections: $22,111.52 vs last week: $17,441.92
2026-05-02 23:24:09 [INFO] \u2705 Production report sent to pristine392@gmail.com
2026-05-02 23:24:09 [INFO]    Total collected: $2,065.00
2026-05-02 23:24:09 [INFO] === Done ===

2026-05-02 23:28:57 [INFO] === Production Dashboard Started — Saturday, May 02, 2026 ===
2026-05-02 23:28:57 [INFO] Database connected.
2026-05-02 23:28:59 [INFO] Patients seen: 11 today | 153 this week
2026-05-02 23:28:59 [INFO] Procedures: 38
2026-05-02 23:28:59 [INFO] Patient payments: 5
2026-05-02 23:28:59 [INFO] Insurance payments: 1
2026-05-02 23:28:59 [INFO] This week collections: $22,111.52 vs last week: $17,441.92
2026-05-02 23:29:00 [INFO] \u2705 Production report sent to pristine9027@gmail.com
2026-05-02 23:29:00 [INFO]    Total collected: $2,065.00
2026-05-02 23:29:00 [INFO] === Done ===

2026-05-04 00:35:35 [INFO] === Production Dashboard Started — Monday, May 04, 2026 ===
2026-05-04 00:35:35 [INFO] Database connected.
2026-05-04 00:35:38 [INFO] Patients seen: 55 today | 55 this week
2026-05-04 00:35:38 [INFO] Procedures: 0
2026-05-04 00:35:38 [INFO] Patient payments: 0
2026-05-04 00:35:38 [INFO] Insurance payments: 0
2026-05-04 00:35:38 [INFO] This week collections: $0.00 vs last week: $8,340.00
2026-05-04 00:35:40 [INFO] \u2705 Production report sent to pristine9027@gmail.com
2026-05-04 00:35:40 [INFO]    Total collected: $0.00
2026-05-04 00:35:40 [INFO] === Done ===

2026-05-04 16:30:01 [INFO] === Production Dashboard Started — Monday, May 04, 2026 ===
2026-05-04 16:30:01 [INFO] Database connected.
2026-05-04 16:30:03 [INFO] Patients seen: 38 today | 38 this week
2026-05-04 16:30:03 [INFO] Procedures: 123
2026-05-04 16:30:03 [INFO] Patient payments: 12
2026-05-04 16:30:03 [INFO] Insurance payments: 7
2026-05-04 16:30:03 [INFO] This week collections: $3,126.00 vs last week: $8,340.00
2026-05-04 16:30:04 [INFO] \u2705 Production report sent to pristine9027@gmail.com
2026-05-04 16:30:04 [INFO]    Total collected: $6,993.54
2026-05-04 16:30:04 [INFO] === Done ===

2026-05-04 19:00:00 [INFO] === Production Dashboard Started — Monday, May 04, 2026 ===
2026-05-04 19:00:00 [INFO] Database connected.
2026-05-04 19:00:02 [INFO] Patients seen: 37 today | 37 this week
2026-05-04 19:00:02 [INFO] Procedures: 129
2026-05-04 19:00:02 [INFO] Patient payments: 15
2026-05-04 19:00:02 [INFO] Insurance payments: 7
2026-05-04 19:00:02 [INFO] This week collections: $3,725.00 vs last week: $8,340.00
2026-05-04 19:00:03 [INFO] \u2705 Production report sent to pristine9027@gmail.com
2026-05-04 19:00:03 [INFO]    Total collected: $7,592.54
2026-05-04 19:00:03 [INFO] === Done ===

2026-05-04 19:41:31 [INFO] === Production Dashboard Started — Monday, May 04, 2026 ===
2026-05-04 19:41:31 [INFO] Database connected.
2026-05-04 19:41:33 [INFO] Routing slips: 34/37 scanned, 3 missing
2026-05-04 19:41:33 [INFO] Procedures: 129
2026-05-04 19:41:33 [INFO] Patient payments: 15
2026-05-04 19:41:33 [INFO] Insurance payments: 7
2026-05-04 19:41:33 [INFO] This week collections: $3,725.00 vs last week: $8,340.00
2026-05-04 19:41:34 [INFO] \u2705 Production report sent to pristine9027@gmail.com
2026-05-04 19:41:34 [INFO]    Total collected: $7,592.54
2026-05-04 19:41:34 [INFO] === Done ===

2026-05-04 21:31:43 [INFO] === Production Dashboard Started — Monday, May 04, 2026 ===
2026-05-04 21:31:43 [INFO] Database connected.
2026-05-04 21:31:45 [INFO] Routing slips: 34/37 scanned, 3 missing
2026-05-04 21:31:45 [INFO] Procedures: 129
2026-05-04 21:31:45 [INFO] Patient payments: 15
2026-05-04 21:31:45 [INFO] Insurance payments: 7
2026-05-04 21:31:45 [INFO] This week collections: $3,725.00 vs last week: $8,340.00
2026-05-04 21:31:47 [INFO] \u2705 Production report sent to pristine9027@gmail.com
2026-05-04 21:31:47 [INFO]    Total collected: $7,592.54
2026-05-04 21:31:47 [INFO] === Done ===

2026-05-05 19:00:01 [INFO] === Production Dashboard Started — Tuesday, May 05, 2026 ===
2026-05-05 19:00:01 [INFO] Database connected.
2026-05-05 19:00:03 [INFO] Routing slips: 33/35 scanned, 2 missing
2026-05-05 19:00:03 [INFO] Procedures: 83
2026-05-05 19:00:03 [INFO] Patient payments: 7
2026-05-05 19:00:03 [INFO] Insurance payments: 8
2026-05-05 19:00:03 [INFO] This week collections: $5,757.00 vs last week: $9,363.40
2026-05-05 19:00:06 [INFO] \u2705 Production report sent to pristine9027@gmail.com
2026-05-05 19:00:06 [INFO]    Total collected: $7,520.89
2026-05-05 19:00:06 [INFO] === Done ===

2026-05-06 19:00:01 [INFO] === Production Dashboard Started — Wednesday, May 06, 2026 ===
2026-05-06 19:00:01 [INFO] Database connected.
2026-05-06 19:00:01 [INFO] Database connected.
2026-05-06 19:00:04 [INFO] Routing slips: 26/28 scanned, 2 missing
2026-05-06 19:00:04 [INFO] Procedures: 93
2026-05-06 19:00:04 [INFO] Patient payments: 11
2026-05-06 19:00:04 [INFO] Insurance payments: 4
2026-05-06 19:00:04 [INFO] This week collections: $8,384.00 vs last week: $10,981.40
2026-05-06 19:00:04 [INFO] Routing slips: 26/28 scanned, 2 missing
2026-05-06 19:00:04 [INFO] Procedures: 93
2026-05-06 19:00:04 [INFO] Patient payments: 11
2026-05-06 19:00:04 [INFO] Insurance payments: 4
2026-05-06 19:00:04 [INFO] This week collections: $8,384.00 vs last week: $10,981.40
2026-05-06 19:00:05 [INFO] \u2705 Production report sent to pristine9027@gmail.com
2026-05-06 19:00:05 [INFO]    Total collected: $6,131.67
2026-05-06 19:00:05 [INFO] === Done ===

2026-05-06 19:00:06 [INFO] \u2705 Production report sent to pristine9027@gmail.com
2026-05-06 19:00:06 [INFO]    Total collected: $6,131.67
2026-05-06 19:00:06 [INFO] === Done ===

2026-05-07 19:00:01 [INFO] === Production Dashboard Started — Thursday, May 07, 2026 ===
2026-05-07 19:00:01 [INFO] Database connected.
2026-05-07 19:00:04 [INFO] Routing slips: 42/43 scanned, 1 missing
2026-05-07 19:00:04 [INFO] Procedures: 127
2026-05-07 19:00:04 [INFO] Patient payments: 15
2026-05-07 19:00:04 [INFO] Insurance payments: 9
2026-05-07 19:00:04 [INFO] This week collections: $12,964.00 vs last week: $17,353.52
2026-05-07 19:00:04 [INFO] Routing slips: 42/43 scanned, 1 missing
2026-05-07 19:00:04 [INFO] Procedures: 127
2026-05-07 19:00:04 [INFO] Patient payments: 15
2026-05-07 19:00:04 [INFO] Insurance payments: 9
2026-05-07 19:00:04 [INFO] This week collections: $12,964.00 vs last week: $17,353.52
2026-05-07 19:00:05 [INFO] \u2705 Production report sent to pristine9027@gmail.com
2026-05-07 19:00:05 [INFO]    Total collected: $14,088.72
2026-05-07 19:00:05 [INFO] === Done ===

2026-05-07 19:00:05 [INFO] \u2705 Production report sent to pristine9027@gmail.com
2026-05-07 19:00:05 [INFO]    Total collected: $14,088.72
2026-05-07 19:00:05 [INFO] === Done ===

2026-05-08 19:00:01 [INFO] === Production Dashboard Started — Friday, May 08, 2026 ===
2026-05-08 19:00:01 [INFO] === Production Dashboard Started — Friday, May 08, 2026 ===
2026-05-08 19:00:01 [INFO] Database connected.
2026-05-08 19:00:01 [INFO] Database connected.
2026-05-08 19:00:04 [INFO] Routing slips: 13/16 scanned, 3 missing
2026-05-08 19:00:04 [INFO] Procedures: 47
2026-05-08 19:00:04 [INFO] Patient payments: 5
2026-05-08 19:00:04 [INFO] Insurance payments: 26
2026-05-08 19:00:04 [INFO] This week collections: $15,664.00 vs last week: $20,095.52
2026-05-08 19:00:04 [INFO] Routing slips: 13/16 scanned, 3 missing
2026-05-08 19:00:04 [INFO] Procedures: 47
2026-05-08 19:00:04 [INFO] Patient payments: 5
2026-05-08 19:00:04 [INFO] Insurance payments: 26
2026-05-08 19:00:04 [INFO] This week collections: $15,664.00 vs last week: $20,095.52
2026-05-08 19:00:06 [INFO] \u2705 Production report sent to pristine9027@gmail.com
2026-05-08 19:00:06 [INFO]    Total collected: $9,821.92
2026-05-08 19:00:06 [INFO] === Done ===

2026-05-08 19:00:06 [INFO] \u2705 Production report sent to pristine9027@gmail.com
2026-05-08 19:00:06 [INFO]    Total collected: $9,821.92
2026-05-08 19:00:06 [INFO] === Done ===

2026-05-09 19:00:00 [INFO] === Production Dashboard Started — Saturday, May 09, 2026 ===
2026-05-09 19:00:00 [INFO] Database connected.
2026-05-09 19:00:02 [INFO] Routing slips: 16/16 scanned, 0 missing
2026-05-09 19:00:02 [INFO] Procedures: 88
2026-05-09 19:00:02 [INFO] Patient payments: 6
2026-05-09 19:00:02 [INFO] Insurance payments: 0
2026-05-09 19:00:02 [INFO] This week collections: $17,019.00 vs last week: $22,111.52
2026-05-09 19:00:04 [INFO] \u2705 Production report sent to pristine9027@gmail.com
2026-05-09 19:00:04 [INFO]    Total collected: $1,355.00
2026-05-09 19:00:04 [INFO] === Done ===

