2026-04-16 17:21:16 [INFO] === Unsigned Notes Emailer Started — April 16, 2026 ===
2026-04-16 17:21:16 [INFO] ERROR: Could not connect to database: 1045 (28000): Access denied for user 'root'@'localhost' (using password: YES)
2026-04-16 17:41:37 [INFO] === Unsigned Notes Emailer Started — April 16, 2026 ===
2026-04-16 17:41:37 [INFO] ERROR: Could not connect to database: 1045 (28000): Access denied for user 'root'@'localhost' (using password: YES)
2026-04-16 17:42:36 [INFO] === Unsigned Notes Emailer Started — April 16, 2026 ===
2026-04-16 17:42:36 [INFO] Database connected successfully.
2026-04-16 17:42:36 [INFO] Found 601 unsigned appointments total.
2026-04-16 17:42:36 [INFO] Sending emails to 5 provider(s).
2026-04-16 17:42:36 [INFO]   DEBUG provider name from DB: 'Shubhsangeet Johal'
2026-04-16 17:42:36 [INFO]   DEBUG email found in dict: ''
2026-04-16 17:42:36 [INFO]   Skipping Shubhsangeet Johal — no email address on file.
2026-04-16 17:42:36 [INFO]   DEBUG provider name from DB: 'Ankita Lulla'
2026-04-16 17:42:36 [INFO]   DEBUG email found in dict: ''
2026-04-16 17:42:36 [INFO]   Skipping Ankita Lulla — no email address on file.
2026-04-16 17:42:36 [INFO]   DEBUG provider name from DB: 'Zainab Al-Azzawi'
2026-04-16 17:42:36 [INFO]   DEBUG email found in dict: 'parth.bhatt94u@gmail.com'
2026-04-16 17:42:36 [INFO]   DEBUG got procedures for 65 appointments.
2026-04-16 17:42:36 [INFO]   DEBUG email HTML built successfully.
2026-04-16 17:42:38 [INFO]   \u2705 Email sent to Zainab Al-Azzawi (parth.bhatt94u@gmail.com) — 65 unsigned appointment(s).
2026-04-16 17:42:38 [INFO]   DEBUG provider name from DB: 'Taksh Shah'
2026-04-16 17:42:38 [INFO]   DEBUG email found in dict: ''
2026-04-16 17:42:38 [INFO]   Skipping Taksh Shah — no email address on file.
2026-04-16 17:42:38 [INFO]   DEBUG provider name from DB: 'Dhaval Shah'
2026-04-16 17:42:38 [INFO]   DEBUG email found in dict: ''
2026-04-16 17:42:38 [INFO]   Skipping Dhaval Shah — no email address on file.
2026-04-16 17:42:38 [INFO] === Done ===

2026-04-16 17:45:51 [INFO] === Unsigned Notes Emailer Started — April 16, 2026 ===
2026-04-16 17:45:51 [INFO] Database connected successfully.
2026-04-16 17:45:51 [INFO] Found 601 unsigned appointments total.
2026-04-16 17:45:51 [INFO] Sending emails to 5 provider(s).
2026-04-16 17:45:51 [INFO]   DEBUG provider name from DB: 'Shubhsangeet Johal'
2026-04-16 17:45:51 [INFO]   DEBUG email found in dict: ''
2026-04-16 17:45:51 [INFO]   Skipping Shubhsangeet Johal — no email address on file.
2026-04-16 17:45:51 [INFO]   DEBUG provider name from DB: 'Ankita Lulla'
2026-04-16 17:45:51 [INFO]   DEBUG email found in dict: 'pristine392@gmail.com'
2026-04-16 17:45:51 [INFO]   DEBUG got procedures for 256 appointments.
2026-04-16 17:45:51 [INFO]   DEBUG email HTML built successfully.
2026-04-16 17:45:53 [INFO]   \u2705 Email sent to Ankita Lulla (pristine392@gmail.com) — 256 unsigned appointment(s).
2026-04-16 17:45:53 [INFO]   DEBUG provider name from DB: 'Zainab Al-Azzawi'
2026-04-16 17:45:53 [INFO]   DEBUG email found in dict: 'parth.bhatt94u@gmail.com'
2026-04-16 17:45:53 [INFO]   DEBUG got procedures for 65 appointments.
2026-04-16 17:45:53 [INFO]   DEBUG email HTML built successfully.
2026-04-16 17:45:54 [INFO]   \u2705 Email sent to Zainab Al-Azzawi (parth.bhatt94u@gmail.com) — 65 unsigned appointment(s).
2026-04-16 17:45:54 [INFO]   DEBUG provider name from DB: 'Taksh Shah'
2026-04-16 17:45:54 [INFO]   DEBUG email found in dict: ''
2026-04-16 17:45:54 [INFO]   Skipping Taksh Shah — no email address on file.
2026-04-16 17:45:54 [INFO]   DEBUG provider name from DB: 'Dhaval Shah'
2026-04-16 17:45:54 [INFO]   DEBUG email found in dict: ''
2026-04-16 17:45:54 [INFO]   Skipping Dhaval Shah — no email address on file.
2026-04-16 17:45:54 [INFO] === Done ===

2026-04-21 13:06:05 [INFO] === Unsigned Notes Emailer Started — April 21, 2026 ===
2026-04-21 13:06:05 [INFO] Database connected successfully.
2026-04-21 13:06:05 [INFO] Found 466 unsigned appointments total.
2026-04-21 13:06:05 [INFO] Sending emails to 5 provider(s).
2026-04-21 13:06:05 [INFO]   DEBUG provider name from DB: 'Ankita Lulla'
2026-04-21 13:06:05 [INFO]   DEBUG email found in dict: 'pristine392@gmail.com'
2026-04-21 13:06:05 [INFO]   DEBUG got procedures for 167 appointments.
2026-04-21 13:06:05 [INFO]   DEBUG email HTML built successfully.
2026-04-21 13:06:07 [INFO]   \u2705 Email sent to Ankita Lulla (pristine392@gmail.com) — 167 unsigned appointment(s).
2026-04-21 13:06:07 [INFO]   DEBUG provider name from DB: 'Shubhsangeet Johal'
2026-04-21 13:06:07 [INFO]   DEBUG email found in dict: ''
2026-04-21 13:06:07 [INFO]   Skipping Shubhsangeet Johal — no email address on file.
2026-04-21 13:06:07 [INFO]   DEBUG provider name from DB: 'Taksh Shah'
2026-04-21 13:06:07 [INFO]   DEBUG email found in dict: ''
2026-04-21 13:06:07 [INFO]   Skipping Taksh Shah — no email address on file.
2026-04-21 13:06:07 [INFO]   DEBUG provider name from DB: 'Zainab Al-Azzawi'
2026-04-21 13:06:07 [INFO]   DEBUG email found in dict: 'parth.bhatt94u@gmail.com'
2026-04-21 13:06:07 [INFO]   DEBUG got procedures for 51 appointments.
2026-04-21 13:06:07 [INFO]   DEBUG email HTML built successfully.
2026-04-21 13:06:08 [INFO]   \u2705 Email sent to Zainab Al-Azzawi (parth.bhatt94u@gmail.com) — 51 unsigned appointment(s).
2026-04-21 13:06:08 [INFO]   DEBUG provider name from DB: 'Dhaval Shah'
2026-04-21 13:06:08 [INFO]   DEBUG email found in dict: ''
2026-04-21 13:06:08 [INFO]   Skipping Dhaval Shah — no email address on file.
2026-04-21 13:06:08 [INFO] === Done ===

2026-04-21 15:51:10 [INFO] === Unsigned Notes Emailer Started — April 21, 2026 ===
2026-04-21 15:51:10 [INFO] Database connected successfully.
2026-04-21 15:51:10 [INFO] Found 441 unsigned appointments total.
2026-04-21 15:51:10 [INFO] Sending emails to 5 provider(s).
2026-04-21 15:51:10 [INFO]   DEBUG provider name from DB: 'Ankita Lulla'
2026-04-21 15:51:10 [INFO]   DEBUG email found in dict: 'pristine392@gmail.com'
2026-04-21 15:51:10 [INFO]   DEBUG got procedures for 146 appointments.
2026-04-21 15:51:10 [INFO]   DEBUG email HTML built successfully.
2026-04-21 15:51:12 [INFO]   \u2705 Email sent to Ankita Lulla (pristine392@gmail.com) — 146 unsigned appointment(s).
2026-04-21 15:51:12 [INFO]   DEBUG provider name from DB: 'Shubhsangeet Johal'
2026-04-21 15:51:12 [INFO]   DEBUG email found in dict: 'pristine392@gmail.com'
2026-04-21 15:51:12 [INFO]   DEBUG got procedures for 143 appointments.
2026-04-21 15:51:12 [INFO]   DEBUG email HTML built successfully.
2026-04-21 15:51:13 [INFO]   \u2705 Email sent to Shubhsangeet Johal (pristine392@gmail.com) — 143 unsigned appointment(s).
2026-04-21 15:51:13 [INFO]   DEBUG provider name from DB: 'Taksh Shah'
2026-04-21 15:51:13 [INFO]   DEBUG email found in dict: 'pristine392@gmail.com'
2026-04-21 15:51:13 [INFO]   DEBUG got procedures for 100 appointments.
2026-04-21 15:51:13 [INFO]   DEBUG email HTML built successfully.
2026-04-21 15:51:14 [INFO]   \u2705 Email sent to Taksh Shah (pristine392@gmail.com) — 100 unsigned appointment(s).
2026-04-21 15:51:14 [INFO]   DEBUG provider name from DB: 'Zainab Al-Azzawi'
2026-04-21 15:51:14 [INFO]   DEBUG email found in dict: 'pristine392@gmail.com'
2026-04-21 15:51:14 [INFO]   DEBUG got procedures for 51 appointments.
2026-04-21 15:51:14 [INFO]   DEBUG email HTML built successfully.
2026-04-21 15:51:16 [INFO]   \u2705 Email sent to Zainab Al-Azzawi (pristine392@gmail.com) — 51 unsigned appointment(s).
2026-04-21 15:51:16 [INFO]   DEBUG provider name from DB: 'Dhaval Shah'
2026-04-21 15:51:16 [INFO]   DEBUG email found in dict: ''
2026-04-21 15:51:16 [INFO]   Skipping Dhaval Shah — no email address on file.
2026-04-21 15:51:16 [INFO] === Done ===

2026-04-22 15:17:21 [INFO] === Unsigned Notes Emailer Started — April 22, 2026 ===
2026-04-22 15:17:21 [INFO] Database connected successfully.
2026-04-22 15:17:21 [INFO] Found 374 unsigned appointments total.
2026-04-22 15:17:21 [INFO] Sending emails to 5 provider(s).
2026-04-22 15:17:21 [INFO]   DEBUG provider name from DB: 'Ankita Lulla'
2026-04-22 15:17:21 [INFO]   DEBUG email found in dict: 'pristine392@gmail.com'
2026-04-22 15:17:21 [INFO]   DEBUG got procedures for 130 appointments.
2026-04-22 15:17:21 [INFO]   DEBUG email HTML built successfully.
2026-04-22 15:17:22 [INFO]   \u2705 Email sent to Ankita Lulla (pristine392@gmail.com) — 130 unsigned appointment(s).
2026-04-22 15:17:22 [INFO]   DEBUG provider name from DB: 'Shubhsangeet Johal'
2026-04-22 15:17:22 [INFO]   DEBUG email found in dict: 'pristine392@gmail.com'
2026-04-22 15:17:22 [INFO]   DEBUG got procedures for 92 appointments.
2026-04-22 15:17:22 [INFO]   DEBUG email HTML built successfully.
2026-04-22 15:17:24 [INFO]   \u2705 Email sent to Shubhsangeet Johal (pristine392@gmail.com) — 92 unsigned appointment(s).
2026-04-22 15:17:24 [INFO]   DEBUG provider name from DB: 'Taksh Shah'
2026-04-22 15:17:24 [INFO]   DEBUG email found in dict: 'pristine392@gmail.com'
2026-04-22 15:17:24 [INFO]   DEBUG got procedures for 100 appointments.
2026-04-22 15:17:24 [INFO]   DEBUG email HTML built successfully.
2026-04-22 15:17:25 [INFO]   \u2705 Email sent to Taksh Shah (pristine392@gmail.com) — 100 unsigned appointment(s).
2026-04-22 15:17:25 [INFO]   DEBUG provider name from DB: 'Zainab Al-Azzawi'
2026-04-22 15:17:25 [INFO]   DEBUG email found in dict: 'pristine392@gmail.com'
2026-04-22 15:17:25 [INFO]   DEBUG got procedures for 51 appointments.
2026-04-22 15:17:25 [INFO]   DEBUG email HTML built successfully.
2026-04-22 15:17:27 [INFO]   \u2705 Email sent to Zainab Al-Azzawi (pristine392@gmail.com) — 51 unsigned appointment(s).
2026-04-22 15:17:27 [INFO]   DEBUG provider name from DB: 'Dhaval Shah'
2026-04-22 15:17:27 [INFO]   DEBUG email found in dict: ''
2026-04-22 15:17:27 [INFO]   Skipping Dhaval Shah — no email address on file.
2026-04-22 15:17:27 [INFO] === Done ===

2026-04-23 14:52:41 [INFO] === Unsigned Notes Emailer Started — April 23, 2026 ===
2026-04-23 14:52:41 [INFO] Database connected successfully.
2026-04-23 14:52:41 [INFO] Found 320 unsigned appointments total.
2026-04-23 14:52:41 [INFO] Sending emails to 5 provider(s).
2026-04-23 14:52:41 [INFO]   DEBUG provider name from DB: 'Ankita Lulla'
2026-04-23 14:52:41 [INFO]   DEBUG email found in dict: 'pristine392@gmail.com'
2026-04-23 14:52:41 [INFO]   DEBUG got procedures for 120 appointments.
2026-04-23 14:52:41 [INFO]   DEBUG email HTML built successfully.
2026-04-23 14:52:42 [INFO]   \u2705 Email sent to Ankita Lulla (pristine392@gmail.com) — 120 unsigned appointment(s).
2026-04-23 14:52:42 [INFO]   DEBUG provider name from DB: 'Shubhsangeet Johal'
2026-04-23 14:52:42 [INFO]   DEBUG email found in dict: 'pristine392@gmail.com'
2026-04-23 14:52:42 [INFO]   DEBUG got procedures for 47 appointments.
2026-04-23 14:52:42 [INFO]   DEBUG email HTML built successfully.
2026-04-23 14:52:44 [INFO]   \u2705 Email sent to Shubhsangeet Johal (pristine392@gmail.com) — 47 unsigned appointment(s).
2026-04-23 14:52:44 [INFO]   DEBUG provider name from DB: 'Zainab Al-Azzawi'
2026-04-23 14:52:44 [INFO]   DEBUG email found in dict: 'pristine392@gmail.com'
2026-04-23 14:52:44 [INFO]   DEBUG got procedures for 61 appointments.
2026-04-23 14:52:44 [INFO]   DEBUG email HTML built successfully.
2026-04-23 14:52:45 [INFO]   \u2705 Email sent to Zainab Al-Azzawi (pristine392@gmail.com) — 61 unsigned appointment(s).
2026-04-23 14:52:45 [INFO]   DEBUG provider name from DB: 'Taksh Shah'
2026-04-23 14:52:45 [INFO]   DEBUG email found in dict: 'pristine392@gmail.com'
2026-04-23 14:52:45 [INFO]   DEBUG got procedures for 91 appointments.
2026-04-23 14:52:45 [INFO]   DEBUG email HTML built successfully.
2026-04-23 14:52:47 [INFO]   \u2705 Email sent to Taksh Shah (pristine392@gmail.com) — 91 unsigned appointment(s).
2026-04-23 14:52:47 [INFO]   DEBUG provider name from DB: 'Dhaval Shah'
2026-04-23 14:52:47 [INFO]   DEBUG email found in dict: ''
2026-04-23 14:52:47 [INFO]   Skipping Dhaval Shah — no email address on file.
2026-04-23 14:52:47 [INFO] === Done ===

2026-04-24 15:23:34 [INFO] === Unsigned Notes Emailer Started — April 24, 2026 ===
2026-04-24 15:23:34 [INFO] Database connected successfully.
2026-04-24 15:23:35 [INFO] Found 311 unsigned appointments total.
2026-04-24 15:23:35 [INFO] Sending emails to 5 provider(s).
2026-04-24 15:23:35 [INFO]   DEBUG provider name from DB: 'Ankita Lulla'
2026-04-24 15:23:35 [INFO]   DEBUG email found in dict: 'pristine392@gmail.com'
2026-04-24 15:23:35 [INFO]   DEBUG got procedures for 116 appointments.
2026-04-24 15:23:35 [INFO]   DEBUG email HTML built successfully.
2026-04-24 15:23:36 [INFO]   \u2705 Email sent to Ankita Lulla (pristine392@gmail.com) — 116 unsigned appointment(s).
2026-04-24 15:23:36 [INFO]   DEBUG provider name from DB: 'Shubhsangeet Johal'
2026-04-24 15:23:36 [INFO]   DEBUG email found in dict: 'pristine392@gmail.com'
2026-04-24 15:23:36 [INFO]   DEBUG got procedures for 25 appointments.
2026-04-24 15:23:36 [INFO]   DEBUG email HTML built successfully.
2026-04-24 15:23:37 [INFO]   \u2705 Email sent to Shubhsangeet Johal (pristine392@gmail.com) — 25 unsigned appointment(s).
2026-04-24 15:23:37 [INFO]   DEBUG provider name from DB: 'Zainab Al-Azzawi'
2026-04-24 15:23:37 [INFO]   DEBUG email found in dict: 'pristine392@gmail.com'
2026-04-24 15:23:37 [INFO]   DEBUG got procedures for 78 appointments.
2026-04-24 15:23:37 [INFO]   DEBUG email HTML built successfully.
2026-04-24 15:23:39 [INFO]   \u2705 Email sent to Zainab Al-Azzawi (pristine392@gmail.com) — 78 unsigned appointment(s).
2026-04-24 15:23:39 [INFO]   DEBUG provider name from DB: 'Taksh Shah'
2026-04-24 15:23:39 [INFO]   DEBUG email found in dict: 'pristine392@gmail.com'
2026-04-24 15:23:39 [INFO]   DEBUG got procedures for 91 appointments.
2026-04-24 15:23:39 [INFO]   DEBUG email HTML built successfully.
2026-04-24 15:23:40 [INFO]   \u2705 Email sent to Taksh Shah (pristine392@gmail.com) — 91 unsigned appointment(s).
2026-04-24 15:23:40 [INFO]   DEBUG provider name from DB: 'Dhaval Shah'
2026-04-24 15:23:40 [INFO]   DEBUG email found in dict: ''
2026-04-24 15:23:40 [INFO]   Skipping Dhaval Shah — no email address on file.
2026-04-24 15:23:40 [INFO] === Done ===

2026-04-27 14:00:29 [INFO] === Unsigned Notes Emailer Started — April 27, 2026 ===
2026-04-27 14:00:29 [INFO] Database connected successfully.
2026-04-27 14:00:29 [INFO] Found 234 unsigned appointments total.
2026-04-27 14:00:29 [INFO] Sending emails to 4 provider(s).
2026-04-27 14:00:29 [INFO]   DEBUG provider name from DB: 'Taksh Shah'
2026-04-27 14:00:29 [INFO]   DEBUG email found in dict: 'pristine392@gmail.com'
2026-04-27 14:00:29 [INFO]   DEBUG got procedures for 95 appointments.
2026-04-27 14:00:29 [INFO]   DEBUG email HTML built successfully.
2026-04-27 14:00:31 [INFO]   \u2705 Email sent to Taksh Shah (pristine392@gmail.com) — 95 unsigned appointment(s).
2026-04-27 14:00:31 [INFO]   DEBUG provider name from DB: 'Ankita Lulla'
2026-04-27 14:00:31 [INFO]   DEBUG email found in dict: 'pristine392@gmail.com'
2026-04-27 14:00:31 [INFO]   DEBUG got procedures for 87 appointments.
2026-04-27 14:00:31 [INFO]   DEBUG email HTML built successfully.
2026-04-27 14:00:34 [INFO]   \u2705 Email sent to Ankita Lulla (pristine392@gmail.com) — 87 unsigned appointment(s).
2026-04-27 14:00:34 [INFO]   DEBUG provider name from DB: 'Zainab Al-Azzawi'
2026-04-27 14:00:34 [INFO]   DEBUG email found in dict: 'pristine392@gmail.com'
2026-04-27 14:00:34 [INFO]   DEBUG got procedures for 50 appointments.
2026-04-27 14:00:34 [INFO]   DEBUG email HTML built successfully.
2026-04-27 14:00:35 [INFO]   \u2705 Email sent to Zainab Al-Azzawi (pristine392@gmail.com) — 50 unsigned appointment(s).
2026-04-27 14:00:35 [INFO]   DEBUG provider name from DB: 'Dhaval Shah'
2026-04-27 14:00:35 [INFO]   DEBUG email found in dict: ''
2026-04-27 14:00:35 [INFO]   Skipping Dhaval Shah — no email address on file.
2026-04-27 14:00:35 [INFO] === Done ===

2026-04-27 14:10:08 [INFO] === Unsigned Notes Emailer Started — April 27, 2026 ===
2026-04-27 14:10:08 [INFO] Database connected successfully.
2026-04-27 14:10:08 [INFO] Found 235 unsigned appointments total.
2026-04-27 14:10:08 [INFO] Sending emails to 4 provider(s).
2026-04-27 14:10:08 [INFO]   DEBUG provider name from DB: 'Taksh Shah'
2026-04-27 14:10:08 [INFO]   DEBUG email found in dict: 'pristine392@gmail.com'
2026-04-27 14:10:08 [INFO]   DEBUG got procedures for 96 appointments.
2026-04-27 14:10:08 [INFO]   DEBUG email HTML built successfully.
2026-04-27 14:10:10 [INFO]   \u2705 Email sent to Taksh Shah (pristine392@gmail.com) — 96 unsigned appointment(s).
2026-04-27 14:10:10 [INFO]   DEBUG provider name from DB: 'Ankita Lulla'
2026-04-27 14:10:10 [INFO]   DEBUG email found in dict: 'pristine392@gmail.com'
2026-04-27 14:10:10 [INFO]   DEBUG got procedures for 87 appointments.
2026-04-27 14:10:10 [INFO]   DEBUG email HTML built successfully.
2026-04-27 14:10:11 [INFO]   \u2705 Email sent to Ankita Lulla (pristine392@gmail.com) — 87 unsigned appointment(s).
2026-04-27 14:10:11 [INFO]   DEBUG provider name from DB: 'Zainab Al-Azzawi'
2026-04-27 14:10:11 [INFO]   DEBUG email found in dict: 'pristine392@gmail.com'
2026-04-27 14:10:11 [INFO]   DEBUG got procedures for 50 appointments.
2026-04-27 14:10:11 [INFO]   DEBUG email HTML built successfully.
2026-04-27 14:10:13 [INFO]   \u2705 Email sent to Zainab Al-Azzawi (pristine392@gmail.com) — 50 unsigned appointment(s).
2026-04-27 14:10:13 [INFO]   DEBUG provider name from DB: 'Dhaval Shah'
2026-04-27 14:10:13 [INFO]   DEBUG email found in dict: ''
2026-04-27 14:10:13 [INFO]   Skipping Dhaval Shah — no email address on file.
2026-04-27 14:10:13 [INFO] === Done ===

2026-04-27 14:11:10 [INFO] === Unsigned Notes Emailer Started — April 27, 2026 ===
2026-04-27 14:11:10 [INFO] Database connected successfully.
2026-04-27 14:11:10 [INFO] Found 235 unsigned appointments total.
2026-04-27 14:11:10 [INFO] Sending emails to 4 provider(s).
2026-04-27 14:11:10 [INFO]   DEBUG provider name from DB: 'Taksh Shah'
2026-04-27 14:11:10 [INFO]   DEBUG email found in dict: 'pristine392@gmail.com'
2026-04-27 14:11:10 [INFO]   DEBUG got procedures for 96 appointments.
2026-04-27 14:11:10 [INFO]   DEBUG email HTML built successfully.
2026-04-27 14:11:11 [INFO]   \u2705 Email sent to Taksh Shah (pristine392@gmail.com) — 96 unsigned appointment(s).
2026-04-27 14:11:11 [INFO]   DEBUG provider name from DB: 'Ankita Lulla'
2026-04-27 14:11:11 [INFO]   DEBUG email found in dict: 'pristine392@gmail.com'
2026-04-27 14:11:11 [INFO]   DEBUG got procedures for 87 appointments.
2026-04-27 14:11:11 [INFO]   DEBUG email HTML built successfully.
2026-04-27 14:11:13 [INFO]   \u2705 Email sent to Ankita Lulla (pristine392@gmail.com) — 87 unsigned appointment(s).
2026-04-27 14:11:13 [INFO]   DEBUG provider name from DB: 'Zainab Al-Azzawi'
2026-04-27 14:11:13 [INFO]   DEBUG email found in dict: 'pristine392@gmail.com'
2026-04-27 14:11:13 [INFO]   DEBUG got procedures for 50 appointments.
2026-04-27 14:11:13 [INFO]   DEBUG email HTML built successfully.
2026-04-27 14:11:14 [INFO]   \u2705 Email sent to Zainab Al-Azzawi (pristine392@gmail.com) — 50 unsigned appointment(s).
2026-04-27 14:11:14 [INFO]   DEBUG provider name from DB: 'Dhaval Shah'
2026-04-27 14:11:14 [INFO]   DEBUG email found in dict: 'pristine392@gmail.com'
2026-04-27 14:11:14 [INFO]   DEBUG got procedures for 2 appointments.
2026-04-27 14:11:14 [INFO]   DEBUG email HTML built successfully.
2026-04-27 14:11:15 [INFO]   \u2705 Email sent to Dhaval Shah (pristine392@gmail.com) — 2 unsigned appointment(s).
2026-04-27 14:11:15 [INFO] === Done ===

2026-04-27 16:28:55 [INFO] === Unsigned Notes Emailer Started — April 27, 2026 ===
2026-04-27 16:28:55 [INFO] Database connected successfully.
2026-04-27 16:28:55 [INFO] Found 244 unsigned appointments total.
2026-04-27 16:28:55 [INFO] Sending emails to 4 provider(s).
2026-04-27 16:28:55 [INFO]   DEBUG provider name from DB: 'Taksh Shah'
2026-04-27 16:28:55 [INFO]   DEBUG email found in dict: 'pristine392@gmail.com'
2026-04-27 16:28:55 [INFO]   DEBUG got procedures for 101 appointments.
2026-04-27 16:28:55 [INFO]   DEBUG email HTML built successfully.
2026-04-27 16:28:57 [INFO]   \u2705 Email sent to Taksh Shah (pristine392@gmail.com) — 101 unsigned appointment(s).
2026-04-27 16:28:57 [INFO]   DEBUG provider name from DB: 'Ankita Lulla'
2026-04-27 16:28:57 [INFO]   DEBUG email found in dict: 'pristine392@gmail.com'
2026-04-27 16:28:57 [INFO]   DEBUG got procedures for 91 appointments.
2026-04-27 16:28:57 [INFO]   DEBUG email HTML built successfully.
2026-04-27 16:28:59 [INFO]   \u2705 Email sent to Ankita Lulla (pristine392@gmail.com) — 91 unsigned appointment(s).
2026-04-27 16:28:59 [INFO]   DEBUG provider name from DB: 'Zainab Al-Azzawi'
2026-04-27 16:28:59 [INFO]   DEBUG email found in dict: 'pristine392@gmail.com'
2026-04-27 16:28:59 [INFO]   DEBUG got procedures for 50 appointments.
2026-04-27 16:28:59 [INFO]   DEBUG email HTML built successfully.
2026-04-27 16:29:01 [INFO]   \u2705 Email sent to Zainab Al-Azzawi (pristine392@gmail.com) — 50 unsigned appointment(s).
2026-04-27 16:29:01 [INFO]   DEBUG provider name from DB: 'Dhaval Shah'
2026-04-27 16:29:01 [INFO]   DEBUG email found in dict: 'pristine392@gmail.com'
2026-04-27 16:29:01 [INFO]   DEBUG got procedures for 2 appointments.
2026-04-27 16:29:01 [INFO]   DEBUG email HTML built successfully.
2026-04-27 16:29:02 [INFO]   \u2705 Email sent to Dhaval Shah (pristine392@gmail.com) — 2 unsigned appointment(s).
2026-04-27 16:29:02 [INFO] === Done ===

2026-04-28 15:12:31 [INFO] === Unsigned Notes Emailer Started — April 28, 2026 ===
2026-04-28 15:12:32 [INFO] Database connected successfully.
2026-04-28 15:12:32 [INFO] Found 234 unsigned appointments total.
2026-04-28 15:12:32 [INFO] Sending emails to 5 provider(s).
2026-04-28 15:12:32 [INFO]   DEBUG provider name from DB: 'Ankita Lulla'
2026-04-28 15:12:32 [INFO]   DEBUG email found in dict: 'pristine392@gmail.com'
2026-04-28 15:12:32 [INFO]   DEBUG got procedures for 85 appointments.
2026-04-28 15:12:32 [INFO]   DEBUG email HTML built successfully.
2026-04-28 15:12:33 [INFO]   \u2705 Email sent to Ankita Lulla (pristine392@gmail.com) — 85 unsigned appointment(s).
2026-04-28 15:12:33 [INFO]   DEBUG provider name from DB: 'Taksh Shah'
2026-04-28 15:12:33 [INFO]   DEBUG email found in dict: 'pristine392@gmail.com'
2026-04-28 15:12:33 [INFO]   DEBUG got procedures for 90 appointments.
2026-04-28 15:12:33 [INFO]   DEBUG email HTML built successfully.
2026-04-28 15:12:35 [INFO]   \u2705 Email sent to Taksh Shah (pristine392@gmail.com) — 90 unsigned appointment(s).
2026-04-28 15:12:35 [INFO]   DEBUG provider name from DB: 'Zainab Al-Azzawi'
2026-04-28 15:12:35 [INFO]   DEBUG email found in dict: 'pristine392@gmail.com'
2026-04-28 15:12:35 [INFO]   DEBUG got procedures for 50 appointments.
2026-04-28 15:12:35 [INFO]   DEBUG email HTML built successfully.
2026-04-28 15:12:36 [INFO]   \u2705 Email sent to Zainab Al-Azzawi (pristine392@gmail.com) — 50 unsigned appointment(s).
2026-04-28 15:12:36 [INFO]   DEBUG provider name from DB: 'Dhaval Shah'
2026-04-28 15:12:36 [INFO]   DEBUG email found in dict: 'pristine392@gmail.com'
2026-04-28 15:12:36 [INFO]   DEBUG got procedures for 2 appointments.
2026-04-28 15:12:36 [INFO]   DEBUG email HTML built successfully.
2026-04-28 15:12:37 [INFO]   \u2705 Email sent to Dhaval Shah (pristine392@gmail.com) — 2 unsigned appointment(s).
2026-04-28 15:12:37 [INFO]   DEBUG provider name from DB: 'Shubhsangeet Johal'
2026-04-28 15:12:37 [INFO]   DEBUG email found in dict: 'pristine392@gmail.com'
2026-04-28 15:12:37 [INFO]   DEBUG got procedures for 7 appointments.
2026-04-28 15:12:37 [INFO]   DEBUG email HTML built successfully.
2026-04-28 15:12:39 [INFO]   \u2705 Email sent to Shubhsangeet Johal (pristine392@gmail.com) — 7 unsigned appointment(s).
2026-04-28 15:12:39 [INFO] === Done ===

2026-04-29 16:48:30 [INFO] === Unsigned Notes Emailer Started — April 29, 2026 ===
2026-04-29 16:48:30 [INFO] Database connected successfully.
2026-04-29 16:48:30 [INFO] Found 242 unsigned appointments total.
2026-04-29 16:48:30 [INFO] Sending emails to 5 provider(s).
2026-04-29 16:48:30 [INFO]   DEBUG provider name from DB: 'Ankita Lulla'
2026-04-29 16:48:30 [INFO]   DEBUG email found in dict: 'pristine392@gmail.com'
2026-04-29 16:48:30 [INFO]   DEBUG got procedures for 89 appointments.
2026-04-29 16:48:30 [INFO]   DEBUG email HTML built successfully.
2026-04-29 16:48:32 [INFO]   \u2705 Email sent to Ankita Lulla (pristine392@gmail.com) — 89 unsigned appointment(s).
2026-04-29 16:48:32 [INFO]   DEBUG provider name from DB: 'Taksh Shah'
2026-04-29 16:48:32 [INFO]   DEBUG email found in dict: 'pristine392@gmail.com'
2026-04-29 16:48:32 [INFO]   DEBUG got procedures for 90 appointments.
2026-04-29 16:48:32 [INFO]   DEBUG email HTML built successfully.
2026-04-29 16:48:33 [INFO]   \u2705 Email sent to Taksh Shah (pristine392@gmail.com) — 90 unsigned appointment(s).
2026-04-29 16:48:33 [INFO]   DEBUG provider name from DB: 'Zainab Al-Azzawi'
2026-04-29 16:48:33 [INFO]   DEBUG email found in dict: 'pristine392@gmail.com'
2026-04-29 16:48:33 [INFO]   DEBUG got procedures for 50 appointments.
2026-04-29 16:48:33 [INFO]   DEBUG email HTML built successfully.
2026-04-29 16:48:36 [INFO]   \u2705 Email sent to Zainab Al-Azzawi (pristine392@gmail.com) — 50 unsigned appointment(s).
2026-04-29 16:48:36 [INFO]   DEBUG provider name from DB: 'Dhaval Shah'
2026-04-29 16:48:36 [INFO]   DEBUG email found in dict: 'pristine392@gmail.com'
2026-04-29 16:48:36 [INFO]   DEBUG got procedures for 2 appointments.
2026-04-29 16:48:36 [INFO]   DEBUG email HTML built successfully.
2026-04-29 16:48:37 [INFO]   \u2705 Email sent to Dhaval Shah (pristine392@gmail.com) — 2 unsigned appointment(s).
2026-04-29 16:48:37 [INFO]   DEBUG provider name from DB: 'Shubhsangeet Johal'
2026-04-29 16:48:37 [INFO]   DEBUG email found in dict: 'pristine392@gmail.com'
2026-04-29 16:48:37 [INFO]   DEBUG got procedures for 11 appointments.
2026-04-29 16:48:37 [INFO]   DEBUG email HTML built successfully.
2026-04-29 16:48:38 [INFO]   \u2705 Email sent to Shubhsangeet Johal (pristine392@gmail.com) — 11 unsigned appointment(s).
2026-04-29 16:48:38 [INFO] === Done ===

2026-04-30 11:24:21 [INFO] === Unsigned Notes Emailer Started — April 30, 2026 ===
2026-04-30 11:24:21 [INFO] Database connected successfully.
2026-04-30 11:24:21 [INFO] Found 202 unsigned appointments total.
2026-04-30 11:24:21 [INFO] Sending emails to 5 provider(s).
2026-04-30 11:24:21 [INFO]   DEBUG provider name from DB: 'Ankita Lulla'
2026-04-30 11:24:21 [INFO]   DEBUG email found in dict: 'pristine392@gmail.com'
2026-04-30 11:24:21 [INFO]   DEBUG got procedures for 68 appointments.
2026-04-30 11:24:21 [INFO]   DEBUG email HTML built successfully.
2026-04-30 11:24:23 [INFO]   \u2705 Email sent to Ankita Lulla (pristine392@gmail.com) — 68 unsigned appointment(s).
2026-04-30 11:24:23 [INFO]   DEBUG provider name from DB: 'Zainab Al-Azzawi'
2026-04-30 11:24:23 [INFO]   DEBUG email found in dict: 'pristine392@gmail.com'
2026-04-30 11:24:23 [INFO]   DEBUG got procedures for 53 appointments.
2026-04-30 11:24:23 [INFO]   DEBUG email HTML built successfully.
2026-04-30 11:24:24 [INFO]   \u2705 Email sent to Zainab Al-Azzawi (pristine392@gmail.com) — 53 unsigned appointment(s).
2026-04-30 11:24:24 [INFO]   DEBUG provider name from DB: 'Dhaval Shah'
2026-04-30 11:24:24 [INFO]   DEBUG email found in dict: 'pristine392@gmail.com'
2026-04-30 11:24:24 [INFO]   DEBUG got procedures for 2 appointments.
2026-04-30 11:24:24 [INFO]   DEBUG email HTML built successfully.
2026-04-30 11:24:26 [INFO]   \u2705 Email sent to Dhaval Shah (pristine392@gmail.com) — 2 unsigned appointment(s).
2026-04-30 11:24:26 [INFO]   DEBUG provider name from DB: 'Taksh Shah'
2026-04-30 11:24:26 [INFO]   DEBUG email found in dict: 'pristine392@gmail.com'
2026-04-30 11:24:26 [INFO]   DEBUG got procedures for 78 appointments.
2026-04-30 11:24:26 [INFO]   DEBUG email HTML built successfully.
2026-04-30 11:24:28 [INFO]   \u2705 Email sent to Taksh Shah (pristine392@gmail.com) — 78 unsigned appointment(s).
2026-04-30 11:24:28 [INFO]   DEBUG provider name from DB: 'Shubhsangeet Johal'
2026-04-30 11:24:28 [INFO]   DEBUG email found in dict: 'pristine392@gmail.com'
2026-04-30 11:24:28 [INFO]   DEBUG got procedures for 1 appointments.
2026-04-30 11:24:28 [INFO]   DEBUG email HTML built successfully.
2026-04-30 11:24:29 [INFO]   \u2705 Email sent to Shubhsangeet Johal (pristine392@gmail.com) — 1 unsigned appointment(s).
2026-04-30 11:24:29 [INFO] === Done ===

2026-05-01 23:37:01 [INFO] === Unsigned Notes Emailer Started — May 01, 2026 ===
2026-05-01 23:37:01 [INFO] Database connected successfully.
2026-05-01 23:37:01 [INFO] Found 217 unsigned appointments total.
2026-05-01 23:37:01 [INFO] Sending emails to 4 provider(s).
2026-05-01 23:37:01 [INFO]   DEBUG provider name from DB: 'Zainab Al-Azzawi'
2026-05-01 23:37:01 [INFO]   DEBUG email found in dict: 'pristine392@gmail.com'
2026-05-01 23:37:01 [INFO]   DEBUG got procedures for 86 appointments.
2026-05-01 23:37:01 [INFO]   DEBUG email HTML built successfully.
2026-05-01 23:37:03 [INFO]   \u2705 Email sent to Zainab Al-Azzawi (pristine392@gmail.com) — 86 unsigned appointment(s).
2026-05-01 23:37:03 [INFO]   DEBUG provider name from DB: 'Dhaval Shah'
2026-05-01 23:37:03 [INFO]   DEBUG email found in dict: 'pristine392@gmail.com'
2026-05-01 23:37:03 [INFO]   DEBUG got procedures for 2 appointments.
2026-05-01 23:37:03 [INFO]   DEBUG email HTML built successfully.
2026-05-01 23:37:05 [INFO]   \u2705 Email sent to Dhaval Shah (pristine392@gmail.com) — 2 unsigned appointment(s).
2026-05-01 23:37:05 [INFO]   DEBUG provider name from DB: 'Taksh Shah'
2026-05-01 23:37:05 [INFO]   DEBUG email found in dict: 'pristine392@gmail.com'
2026-05-01 23:37:05 [INFO]   DEBUG got procedures for 78 appointments.
2026-05-01 23:37:05 [INFO]   DEBUG email HTML built successfully.
2026-05-01 23:37:06 [INFO]   \u2705 Email sent to Taksh Shah (pristine392@gmail.com) — 78 unsigned appointment(s).
2026-05-01 23:37:06 [INFO]   DEBUG provider name from DB: 'Ankita Lulla'
2026-05-01 23:37:06 [INFO]   DEBUG email found in dict: 'pristine392@gmail.com'
2026-05-01 23:37:06 [INFO]   DEBUG got procedures for 51 appointments.
2026-05-01 23:37:06 [INFO]   DEBUG email HTML built successfully.
2026-05-01 23:37:08 [INFO]   \u2705 Email sent to Ankita Lulla (pristine392@gmail.com) — 51 unsigned appointment(s).
2026-05-01 23:37:08 [INFO] === Done ===

2026-05-01 23:38:52 [INFO] === Unsigned Notes Emailer Started — May 01, 2026 ===
2026-05-01 23:38:53 [INFO] Database connected successfully.
2026-05-01 23:38:53 [INFO] Found 217 unsigned appointments total.
2026-05-01 23:38:53 [INFO] Sending emails to 4 provider(s).
2026-05-01 23:38:53 [INFO]   DEBUG provider name from DB: 'Zainab Al-Azzawi'
2026-05-01 23:38:53 [INFO]   DEBUG email found in dict: 'pristine392@gmail.com'
2026-05-01 23:38:53 [INFO]   DEBUG got procedures for 86 appointments.
2026-05-01 23:38:53 [INFO]   DEBUG email HTML built successfully.
2026-05-01 23:38:54 [INFO]   \u2705 Email sent to Zainab Al-Azzawi (pristine392@gmail.com) — 86 unsigned appointment(s).
2026-05-01 23:38:54 [INFO]   DEBUG provider name from DB: 'Dhaval Shah'
2026-05-01 23:38:54 [INFO]   DEBUG email found in dict: 'pristine392@gmail.com'
2026-05-01 23:38:54 [INFO]   DEBUG got procedures for 2 appointments.
2026-05-01 23:38:54 [INFO]   DEBUG email HTML built successfully.
2026-05-01 23:38:56 [INFO]   \u2705 Email sent to Dhaval Shah (pristine392@gmail.com) — 2 unsigned appointment(s).
2026-05-01 23:38:56 [INFO]   DEBUG provider name from DB: 'Taksh Shah'
2026-05-01 23:38:56 [INFO]   DEBUG email found in dict: 'pristine392@gmail.com'
2026-05-01 23:38:56 [INFO]   DEBUG got procedures for 78 appointments.
2026-05-01 23:38:56 [INFO]   DEBUG email HTML built successfully.
2026-05-01 23:38:57 [INFO]   \u2705 Email sent to Taksh Shah (pristine392@gmail.com) — 78 unsigned appointment(s).
2026-05-01 23:38:57 [INFO]   DEBUG provider name from DB: 'Ankita Lulla'
2026-05-01 23:38:57 [INFO]   DEBUG email found in dict: 'pristine392@gmail.com'
2026-05-01 23:38:57 [INFO]   DEBUG got procedures for 51 appointments.
2026-05-01 23:38:57 [INFO]   DEBUG email HTML built successfully.
2026-05-01 23:38:59 [INFO]   \u2705 Email sent to Ankita Lulla (pristine392@gmail.com) — 51 unsigned appointment(s).
2026-05-01 23:38:59 [INFO] === Done ===

2026-05-02 00:26:43 [INFO] === Unsigned Notes Emailer Started — May 02, 2026 ===
2026-05-02 00:26:43 [INFO] Database connected successfully.
2026-05-02 00:26:44 [INFO] Found 190 unsigned appointments total.
2026-05-02 00:26:44 [INFO] Sending emails to 4 provider(s).
2026-05-02 00:26:45 [INFO]   \u2705 Email sent to Zainab Al-Azzawi (pristine392@gmail.com) — 86 unsigned appointment(s).
2026-05-02 00:26:47 [INFO]   \u2705 Email sent to Dhaval Shah (pristine392@gmail.com) — 2 unsigned appointment(s).
2026-05-02 00:26:48 [INFO]   \u2705 Email sent to Taksh Shah (pristine392@gmail.com) — 53 unsigned appointment(s).
2026-05-02 00:26:50 [INFO]   \u2705 Email sent to Ankita Lulla (pristine392@gmail.com) — 49 unsigned appointment(s).
2026-05-02 00:26:50 [INFO] === Done ===

2026-05-02 00:45:10 [INFO] === Unsigned Notes Emailer Started — May 02, 2026 ===
2026-05-02 00:45:10 [INFO] Database connected successfully.
2026-05-02 00:45:12 [INFO] Found 192 unsigned appointments total.
2026-05-02 00:45:12 [INFO] Sending emails to 4 provider(s).
2026-05-02 00:45:13 [INFO]   \u2705 Email sent to Zainab Al-Azzawi (pristine392@gmail.com) — 86 unsigned appointment(s).
2026-05-02 00:45:15 [INFO]   \u2705 Email sent to Dhaval Shah (pristine392@gmail.com) — 2 unsigned appointment(s).
2026-05-02 00:45:17 [INFO]   \u2705 Email sent to Taksh Shah (pristine392@gmail.com) — 53 unsigned appointment(s).
2026-05-02 00:45:20 [INFO]   \u2705 Email sent to Ankita Lulla (pristine392@gmail.com) — 51 unsigned appointment(s).
2026-05-02 00:45:20 [INFO] === Done ===

2026-05-02 00:58:04 [INFO] === Unsigned Notes Emailer Started — May 02, 2026 ===
2026-05-02 00:58:04 [INFO] Database connected successfully.
2026-05-02 00:58:06 [INFO] Found 192 unsigned appointments total.
2026-05-02 00:58:06 [INFO] Found 3 upcoming appointments missing perio charts.
2026-05-02 00:58:06 [INFO] Sending emails to 4 provider(s).
2026-05-02 00:58:07 [INFO]   \u2705 Email sent to Zainab Al-Azzawi (pristine392@gmail.com) — 86 unsigned appointment(s).
2026-05-02 00:58:10 [INFO]   \u2705 Email sent to Dhaval Shah (pristine392@gmail.com) — 2 unsigned appointment(s).
2026-05-02 00:58:11 [INFO]   \u2705 Email sent to Taksh Shah (pristine392@gmail.com) — 53 unsigned appointment(s).
2026-05-02 00:58:13 [INFO]   \u2705 Email sent to Ankita Lulla (pristine392@gmail.com) — 51 unsigned appointment(s).
2026-05-02 00:58:13 [INFO] === Done ===

2026-05-02 01:10:18 [INFO] === Unsigned Notes Emailer Started — May 02, 2026 ===
2026-05-02 01:10:18 [INFO] Database connected successfully.
2026-05-02 01:10:20 [INFO] Found 192 unsigned appointments total.
2026-05-02 01:10:20 [INFO] Found 3 upcoming appointments missing perio charts.
2026-05-02 01:10:20 [INFO] Sending emails to 4 provider(s).
2026-05-02 01:10:23 [INFO]   \u2705 Email sent to Zainab Al-Azzawi (pristine392@gmail.com) — 86 unsigned appointment(s).
2026-05-02 01:10:24 [INFO]   \u2705 Email sent to Dhaval Shah (pristine392@gmail.com) — 2 unsigned appointment(s).
2026-05-02 01:10:26 [INFO]   \u2705 Email sent to Taksh Shah (pristine392@gmail.com) — 53 unsigned appointment(s).
2026-05-02 01:10:27 [INFO]   \u2705 Email sent to Ankita Lulla (pristine392@gmail.com) — 51 unsigned appointment(s).
2026-05-02 01:10:27 [INFO] === Done ===

2026-05-02 01:17:14 [INFO] === Unsigned Notes Emailer Started — May 02, 2026 ===
2026-05-02 01:17:14 [INFO] Database connected successfully.
2026-05-02 01:17:16 [INFO] Found 192 unsigned appointments total.
2026-05-02 01:17:16 [INFO] Found 3 upcoming appointments missing perio charts.
2026-05-02 01:17:16 [INFO] Sending emails to 5 provider(s).
2026-05-02 01:17:17 [INFO]   \u2705 Email sent to Zainab Al-Azzawi (pristine392@gmail.com) — 86 unsigned appointment(s).
2026-05-02 01:17:19 [INFO]   \u2705 Email sent to Dhaval Shah (pristine392@gmail.com) — 2 unsigned appointment(s).
2026-05-02 01:17:20 [INFO]   \u2705 Email sent to Taksh Shah (pristine392@gmail.com) — 53 unsigned appointment(s).
2026-05-02 01:17:21 [INFO]   \u2705 Email sent to Ankita Lulla (pristine392@gmail.com) — 51 unsigned appointment(s).
2026-05-02 01:17:23 [INFO]   \u2705 Email sent to Shubhsangeet Johal (pristine392@gmail.com) — 0 unsigned appointment(s).
2026-05-02 01:17:23 [INFO] === Done ===

2026-05-02 01:21:20 [INFO] === Unsigned Notes Emailer Started — May 02, 2026 ===
2026-05-02 01:21:20 [INFO] Database connected successfully.
2026-05-02 01:21:22 [INFO] Found 192 unsigned appointments total.
2026-05-02 01:21:22 [INFO] Found 3 upcoming appointments missing perio charts.
2026-05-02 01:21:22 [INFO] Sending emails to 5 provider(s).
2026-05-02 01:21:23 [INFO]   \u2705 Email sent to Zainab Al-Azzawi (pristine392@gmail.com) — 86 unsigned, 0 missing perio charts.
2026-05-02 01:21:25 [INFO]   \u2705 Email sent to Dhaval Shah (pristine392@gmail.com) — 2 unsigned, 0 missing perio charts.
2026-05-02 01:21:26 [INFO]   \u2705 Email sent to Taksh Shah (pristine392@gmail.com) — 53 unsigned, 0 missing perio charts.
2026-05-02 01:21:28 [INFO]   \u2705 Email sent to Ankita Lulla (pristine392@gmail.com) — 51 unsigned, 1 missing perio charts.
2026-05-02 01:21:29 [INFO]   \u2705 Email sent to Shubhsangeet Johal (pristine392@gmail.com) — 0 unsigned, 2 missing perio charts.
2026-05-02 01:21:29 [INFO] === Done ===

2026-05-02 18:09:53 [INFO] === Unsigned Notes Emailer Started — May 02, 2026 ===
2026-05-02 18:09:53 [INFO] Database connected successfully.
2026-05-02 18:09:56 [INFO] Found 181 unsigned appointments total.
2026-05-02 18:09:56 [INFO] Found 3 upcoming appointments missing perio charts.
2026-05-02 18:09:56 [INFO] Sending emails to 5 provider(s).
2026-05-02 18:09:56 [INFO]   \U0001f4c4 Notes file generated: C:\unsigned_notes\provider_notes\Zainab_Al-Azzawi\Zainab_Al-Azzawi_unsigned_notes_2026-05-02.txt
2026-05-02 18:09:58 [INFO]   \u2705 Email sent to Zainab Al-Azzawi (pristine392@gmail.com) — 86 unsigned, 0 missing perio charts.
2026-05-02 18:09:58 [INFO]   \U0001f4c4 Notes file generated: C:\unsigned_notes\provider_notes\Dhaval_Shah\Dhaval_Shah_unsigned_notes_2026-05-02.txt
2026-05-02 18:10:00 [INFO]   \u2705 Email sent to Dhaval Shah (pristine392@gmail.com) — 2 unsigned, 0 missing perio charts.
2026-05-02 18:10:00 [INFO]   \U0001f4c4 Notes file generated: C:\unsigned_notes\provider_notes\Taksh_Shah\Taksh_Shah_unsigned_notes_2026-05-02.txt
2026-05-02 18:10:02 [INFO]   \u2705 Email sent to Taksh Shah (pristine392@gmail.com) — 42 unsigned, 0 missing perio charts.
2026-05-02 18:10:02 [INFO]   \U0001f4c4 Notes file generated: C:\unsigned_notes\provider_notes\Ankita_Lulla\Ankita_Lulla_unsigned_notes_2026-05-02.txt
2026-05-02 18:10:03 [INFO]   \u2705 Email sent to Ankita Lulla (pristine392@gmail.com) — 51 unsigned, 1 missing perio charts.
2026-05-02 18:10:05 [INFO]   \u2705 Email sent to Shubhsangeet Johal (pristine392@gmail.com) — 0 unsigned, 2 missing perio charts.
2026-05-02 18:10:05 [INFO] === Done ===

2026-05-02 18:25:27 [INFO] === Unsigned Notes Emailer Started — May 02, 2026 ===
2026-05-02 18:25:27 [INFO] Database connected successfully.
2026-05-02 18:25:30 [INFO] Found 181 unsigned appointments total.
2026-05-02 18:25:30 [INFO] Found 3 upcoming appointments missing perio charts.
2026-05-02 18:25:30 [INFO] Sending emails to 5 provider(s).
2026-05-02 18:25:30 [INFO]   \U0001f4c4 Notes file generated: C:\unsigned_notes\provider_notes\Zainab_Al-Azzawi\Zainab_Al-Azzawi_unsigned_notes_2026-05-02.txt
2026-05-02 18:25:32 [INFO]   \u2705 Email sent to Zainab Al-Azzawi (pristine392@gmail.com) — 86 unsigned, 0 missing perio charts.
2026-05-02 18:25:32 [INFO]   \U0001f4c4 Notes file generated: C:\unsigned_notes\provider_notes\Dhaval_Shah\Dhaval_Shah_unsigned_notes_2026-05-02.txt
2026-05-02 18:25:33 [INFO]   \u2705 Email sent to Dhaval Shah (pristine392@gmail.com) — 2 unsigned, 0 missing perio charts.
2026-05-02 18:25:33 [INFO]   \U0001f4c4 Notes file generated: C:\unsigned_notes\provider_notes\Taksh_Shah\Taksh_Shah_unsigned_notes_2026-05-02.txt
2026-05-02 18:25:35 [INFO]   \u2705 Email sent to Taksh Shah (pristine392@gmail.com) — 42 unsigned, 0 missing perio charts.
2026-05-02 18:25:35 [INFO]   \U0001f4c4 Notes file generated: C:\unsigned_notes\provider_notes\Ankita_Lulla\Ankita_Lulla_unsigned_notes_2026-05-02.txt
2026-05-02 18:25:38 [INFO]   \u2705 Email sent to Ankita Lulla (pristine392@gmail.com) — 51 unsigned, 1 missing perio charts.
2026-05-02 18:25:40 [INFO]   \u2705 Email sent to Shubhsangeet Johal (pristine392@gmail.com) — 0 unsigned, 2 missing perio charts.
2026-05-02 18:25:40 [INFO] === Done ===

2026-05-02 18:30:22 [INFO] === Unsigned Notes Emailer Started — May 02, 2026 ===
2026-05-02 18:30:22 [INFO] Database connected successfully.
2026-05-02 18:30:24 [INFO] Found 181 unsigned appointments total.
2026-05-02 18:30:24 [INFO] Found 3 upcoming appointments missing perio charts.
2026-05-02 18:30:24 [INFO] Sending emails to 5 provider(s).
2026-05-02 18:30:24 [INFO]   \U0001f4c4 Notes file generated: C:\unsigned_notes\provider_notes\Zainab_Al-Azzawi\Zainab_Al-Azzawi_unsigned_notes_2026-05-02.txt
2026-05-02 18:30:28 [INFO]   \u2705 Email sent to Zainab Al-Azzawi (pristine392@gmail.com) — 86 unsigned, 0 missing perio charts.
2026-05-02 18:30:28 [INFO]   \U0001f4c4 Notes file generated: C:\unsigned_notes\provider_notes\Dhaval_Shah\Dhaval_Shah_unsigned_notes_2026-05-02.txt
2026-05-02 18:30:29 [INFO]   \u2705 Email sent to Dhaval Shah (pristine392@gmail.com) — 2 unsigned, 0 missing perio charts.
2026-05-02 18:30:29 [INFO]   \U0001f4c4 Notes file generated: C:\unsigned_notes\provider_notes\Taksh_Shah\Taksh_Shah_unsigned_notes_2026-05-02.txt
2026-05-02 18:30:31 [INFO]   \u2705 Email sent to Taksh Shah (pristine392@gmail.com) — 42 unsigned, 0 missing perio charts.
2026-05-02 18:30:31 [INFO]   \U0001f4c4 Notes file generated: C:\unsigned_notes\provider_notes\Ankita_Lulla\Ankita_Lulla_unsigned_notes_2026-05-02.txt
2026-05-02 18:30:34 [INFO]   \u2705 Email sent to Ankita Lulla (pristine392@gmail.com) — 51 unsigned, 1 missing perio charts.
2026-05-02 18:30:35 [INFO]   \u2705 Email sent to Shubhsangeet Johal (pristine392@gmail.com) — 0 unsigned, 2 missing perio charts.
2026-05-02 18:30:35 [INFO] === Done ===

2026-05-02 19:10:21 [INFO] === Unsigned Notes Emailer Started — May 02, 2026 ===
2026-05-02 19:10:21 [INFO] Database connected successfully.
2026-05-02 19:10:23 [INFO] Found 181 unsigned appointments total.
2026-05-02 19:10:23 [INFO] Found 3 upcoming appointments missing perio charts.
2026-05-02 19:10:23 [INFO] Sending emails to 5 provider(s).
2026-05-02 19:10:23 [INFO]   \U0001f4c4 Notes file generated: C:\dental_automation\unsigned_notes\provider_notes\Zainab_Al-Azzawi\Zainab_Al-Azzawi_unsigned_notes_2026-05-02.txt
2026-05-02 19:10:26 [INFO]   \u2705 Email sent to Zainab Al-Azzawi (pristine392@gmail.com) — 86 unsigned, 0 missing perio charts.
2026-05-02 19:10:26 [INFO]   \U0001f4c4 Notes file generated: C:\dental_automation\unsigned_notes\provider_notes\Dhaval_Shah\Dhaval_Shah_unsigned_notes_2026-05-02.txt
2026-05-02 19:10:28 [INFO]   \u2705 Email sent to Dhaval Shah (pristine392@gmail.com) — 2 unsigned, 0 missing perio charts.
2026-05-02 19:10:28 [INFO]   \U0001f4c4 Notes file generated: C:\dental_automation\unsigned_notes\provider_notes\Taksh_Shah\Taksh_Shah_unsigned_notes_2026-05-02.txt
2026-05-02 19:10:31 [INFO]   \u2705 Email sent to Taksh Shah (pristine392@gmail.com) — 42 unsigned, 0 missing perio charts.
2026-05-02 19:10:31 [INFO]   \U0001f4c4 Notes file generated: C:\dental_automation\unsigned_notes\provider_notes\Ankita_Lulla\Ankita_Lulla_unsigned_notes_2026-05-02.txt
2026-05-02 19:10:32 [INFO]   \u2705 Email sent to Ankita Lulla (pristine392@gmail.com) — 51 unsigned, 1 missing perio charts.
2026-05-02 19:10:34 [INFO]   \u2705 Email sent to Shubhsangeet Johal (pristine392@gmail.com) — 0 unsigned, 2 missing perio charts.
2026-05-02 19:10:34 [INFO] === Done ===

2026-05-02 21:27:58 [INFO] === Unsigned Notes Emailer Started — May 02, 2026 ===
2026-05-02 21:27:58 [INFO] Database connected successfully.
2026-05-02 21:28:00 [INFO] Found 181 unsigned appointments total.
2026-05-02 21:28:00 [INFO] Found 3 upcoming appointments missing perio charts.
2026-05-02 21:28:00 [INFO] Sending emails to 5 provider(s).
2026-05-02 22:49:22 [INFO] === Unsigned Notes Emailer Started — May 02, 2026 ===
2026-05-02 22:49:22 [INFO] Database connected successfully.
2026-05-02 22:49:24 [INFO] Found 181 unsigned appointments total.
2026-05-02 22:49:24 [INFO] Found 3 upcoming appointments missing perio charts.
2026-05-02 22:49:24 [INFO] Sending emails to 5 provider(s).
2026-05-02 22:49:24 [INFO]   [FILE] Notes file generated: C:\dental_automation\unsigned_notes\provider_notes\Zainab_Al-Azzawi\Zainab_Al-Azzawi_unsigned_notes_2026-05-02.txt
2026-05-02 22:49:26 [INFO]   [OK] Email sent to Zainab Al-Azzawi (pristine392@gmail.com) — 86 unsigned, 0 missing perio charts.
2026-05-02 22:49:26 [INFO]   [FILE] Notes file generated: C:\dental_automation\unsigned_notes\provider_notes\Dhaval_Shah\Dhaval_Shah_unsigned_notes_2026-05-02.txt
2026-05-02 22:49:28 [INFO]   [OK] Email sent to Dhaval Shah (pristine392@gmail.com) — 2 unsigned, 0 missing perio charts.
2026-05-02 22:49:28 [INFO]   [FILE] Notes file generated: C:\dental_automation\unsigned_notes\provider_notes\Taksh_Shah\Taksh_Shah_unsigned_notes_2026-05-02.txt
2026-05-02 22:49:30 [INFO]   [OK] Email sent to Taksh Shah (pristine392@gmail.com) — 42 unsigned, 0 missing perio charts.
2026-05-02 22:49:30 [INFO]   [FILE] Notes file generated: C:\dental_automation\unsigned_notes\provider_notes\Ankita_Lulla\Ankita_Lulla_unsigned_notes_2026-05-02.txt
2026-05-02 22:49:31 [INFO]   [OK] Email sent to Ankita Lulla (pristine392@gmail.com) — 51 unsigned, 1 missing perio charts.
2026-05-02 22:49:33 [INFO]   [OK] Email sent to Shubhsangeet Johal (pristine392@gmail.com) — 0 unsigned, 2 missing perio charts.
2026-05-02 22:49:33 [INFO] === Done ===

2026-05-02 22:54:04 [INFO] === Unsigned Notes Emailer Started — May 02, 2026 ===
2026-05-02 22:54:04 [INFO] Database connected successfully.
2026-05-02 22:54:06 [INFO] Found 181 unsigned appointments total.
2026-05-02 22:54:06 [INFO] Found 3 upcoming appointments missing perio charts.
2026-05-02 22:54:06 [INFO] Sending emails to 5 provider(s).
2026-05-02 22:54:06 [INFO]   \U0001f4c4 Notes file generated: C:\dental_automation\unsigned_notes\provider_notes\Zainab_Al-Azzawi\Zainab_Al-Azzawi_unsigned_notes_2026-05-02.txt
2026-05-02 22:54:09 [INFO]   \u2705 Email sent to Zainab Al-Azzawi (pristine392@gmail.com) — 86 unsigned, 0 missing perio charts.
2026-05-02 22:54:09 [INFO]   \U0001f4c4 Notes file generated: C:\dental_automation\unsigned_notes\provider_notes\Dhaval_Shah\Dhaval_Shah_unsigned_notes_2026-05-02.txt
2026-05-02 22:54:12 [INFO]   \u2705 Email sent to Dhaval Shah (pristine392@gmail.com) — 2 unsigned, 0 missing perio charts.
2026-05-02 22:54:12 [INFO]   \U0001f4c4 Notes file generated: C:\dental_automation\unsigned_notes\provider_notes\Taksh_Shah\Taksh_Shah_unsigned_notes_2026-05-02.txt
2026-05-02 22:54:15 [INFO]   \u2705 Email sent to Taksh Shah (pristine392@gmail.com) — 42 unsigned, 0 missing perio charts.
2026-05-02 22:54:15 [INFO]   \U0001f4c4 Notes file generated: C:\dental_automation\unsigned_notes\provider_notes\Ankita_Lulla\Ankita_Lulla_unsigned_notes_2026-05-02.txt
2026-05-02 22:54:17 [INFO]   \u2705 Email sent to Ankita Lulla (pristine392@gmail.com) — 51 unsigned, 1 missing perio charts.
2026-05-02 22:54:19 [INFO]   \u2705 Email sent to Shubhsangeet Johal (pristine392@gmail.com) — 0 unsigned, 2 missing perio charts.
2026-05-02 22:54:19 [INFO] === Done ===

2026-05-02 23:30:27 [INFO] === Unsigned Notes Emailer Started — May 02, 2026 ===
2026-05-02 23:30:27 [INFO] Database connected successfully.
2026-05-02 23:30:29 [INFO] Found 181 unsigned appointments total.
2026-05-02 23:30:29 [INFO] Found 3 upcoming appointments missing perio charts.
2026-05-02 23:30:29 [INFO] Sending emails to 5 provider(s).
2026-05-02 23:30:29 [INFO]   \U0001f4c4 Notes file generated: C:\dental_automation\unsigned_notes\provider_notes\Zainab_Al-Azzawi\Zainab_Al-Azzawi_unsigned_notes_2026-05-02.txt
2026-05-02 23:30:31 [INFO]   \u2705 Email sent to Zainab Al-Azzawi (pristine392@gmail.com) — 86 unsigned, 0 missing perio charts.
2026-05-02 23:30:31 [INFO]   \U0001f4c4 Notes file generated: C:\dental_automation\unsigned_notes\provider_notes\Dhaval_Shah\Dhaval_Shah_unsigned_notes_2026-05-02.txt
2026-05-02 23:30:32 [INFO]   \u2705 Email sent to Dhaval Shah (pristine392@gmail.com) — 2 unsigned, 0 missing perio charts.
2026-05-02 23:30:32 [INFO]   \U0001f4c4 Notes file generated: C:\dental_automation\unsigned_notes\provider_notes\Taksh_Shah\Taksh_Shah_unsigned_notes_2026-05-02.txt
2026-05-02 23:30:34 [INFO]   \u2705 Email sent to Taksh Shah (pristine392@gmail.com) — 42 unsigned, 0 missing perio charts.
2026-05-02 23:30:34 [INFO]   \U0001f4c4 Notes file generated: C:\dental_automation\unsigned_notes\provider_notes\Ankita_Lulla\Ankita_Lulla_unsigned_notes_2026-05-02.txt
2026-05-02 23:30:36 [INFO]   \u2705 Email sent to Ankita Lulla (pristine392@gmail.com) — 51 unsigned, 1 missing perio charts.
2026-05-02 23:30:38 [INFO]   \u2705 Email sent to Shubhsangeet Johal (pristine392@gmail.com) — 0 unsigned, 2 missing perio charts.
2026-05-02 23:30:38 [INFO] === Done ===

2026-05-04 00:35:27 [INFO] === Unsigned Notes Emailer Started — May 04, 2026 ===
2026-05-04 00:35:27 [INFO] Database connected successfully.
2026-05-04 00:35:31 [INFO] Found 161 unsigned appointments total.
2026-05-04 00:35:31 [INFO] Found 3 upcoming appointments missing perio charts.
2026-05-04 00:35:31 [INFO] Sending emails to 5 provider(s).
2026-05-04 00:35:31 [INFO]   \U0001f4c4 Notes file generated: C:\dental_automation\unsigned_notes\provider_notes\Taksh_Shah\Taksh_Shah_unsigned_notes_2026-05-04.txt
2026-05-04 00:35:34 [INFO]   \u2705 Email sent to Taksh Shah (pristine392@gmail.com) — 41 unsigned, 0 missing perio charts.
2026-05-04 00:35:34 [INFO]   \U0001f4c4 Notes file generated: C:\dental_automation\unsigned_notes\provider_notes\Ankita_Lulla\Ankita_Lulla_unsigned_notes_2026-05-04.txt
2026-05-04 00:35:37 [INFO]   \u2705 Email sent to Ankita Lulla (pristine392@gmail.com) — 51 unsigned, 1 missing perio charts.
2026-05-04 00:35:37 [INFO]   \U0001f4c4 Notes file generated: C:\dental_automation\unsigned_notes\provider_notes\Zainab_Al-Azzawi\Zainab_Al-Azzawi_unsigned_notes_2026-05-04.txt
2026-05-04 00:35:39 [INFO]   \u2705 Email sent to Zainab Al-Azzawi (pristine392@gmail.com) — 68 unsigned, 0 missing perio charts.
2026-05-04 00:35:39 [INFO]   \U0001f4c4 Notes file generated: C:\dental_automation\unsigned_notes\provider_notes\Dhaval_Shah\Dhaval_Shah_unsigned_notes_2026-05-04.txt
2026-05-04 00:35:42 [INFO]   \u2705 Email sent to Dhaval Shah (pristine392@gmail.com) — 1 unsigned, 0 missing perio charts.
2026-05-04 00:35:44 [INFO]   \u2705 Email sent to Shubhsangeet Johal (pristine392@gmail.com) — 0 unsigned, 2 missing perio charts.
2026-05-04 00:35:44 [INFO] === Done ===

2026-05-04 10:00:00 [INFO] === Unsigned Notes Emailer Started — May 04, 2026 ===
2026-05-04 10:00:00 [INFO] Database connected successfully.
2026-05-04 10:00:02 [INFO] Found 158 unsigned appointments total.
2026-05-04 10:00:02 [INFO] Found 3 upcoming appointments missing perio charts.
2026-05-04 10:00:02 [INFO] Sending emails to 5 provider(s).
2026-05-04 10:00:02 [INFO]   \U0001f4c4 Notes file generated: C:\dental_automation\unsigned_notes\provider_notes\Taksh_Shah\Taksh_Shah_unsigned_notes_2026-05-04.txt
2026-05-04 10:00:05 [INFO]   \u2705 Email sent to Taksh Shah (pristine392@gmail.com) — 41 unsigned, 0 missing perio charts.
2026-05-04 10:00:05 [INFO]   \U0001f4c4 Notes file generated: C:\dental_automation\unsigned_notes\provider_notes\Ankita_Lulla\Ankita_Lulla_unsigned_notes_2026-05-04.txt
2026-05-04 10:00:06 [INFO]   \u2705 Email sent to Ankita Lulla (pristine392@gmail.com) — 48 unsigned, 1 missing perio charts.
2026-05-04 10:00:06 [INFO]   \U0001f4c4 Notes file generated: C:\dental_automation\unsigned_notes\provider_notes\Zainab_Al-Azzawi\Zainab_Al-Azzawi_unsigned_notes_2026-05-04.txt
2026-05-04 10:00:09 [INFO]   \u2705 Email sent to Zainab Al-Azzawi (pristine392@gmail.com) — 68 unsigned, 0 missing perio charts.
2026-05-04 10:00:09 [INFO]   \U0001f4c4 Notes file generated: C:\dental_automation\unsigned_notes\provider_notes\Dhaval_Shah\Dhaval_Shah_unsigned_notes_2026-05-04.txt
2026-05-04 10:00:10 [INFO]   \u2705 Email sent to Dhaval Shah (pristine392@gmail.com) — 1 unsigned, 0 missing perio charts.
2026-05-04 10:00:13 [INFO]   \u2705 Email sent to Shubhsangeet Johal (pristine392@gmail.com) — 0 unsigned, 2 missing perio charts.
2026-05-04 10:00:13 [INFO] === Done ===

2026-05-04 18:19:53 [INFO] === Unsigned Notes Emailer Started — May 04, 2026 ===
2026-05-04 18:19:53 [INFO] Database connected successfully.
2026-05-04 18:19:56 [INFO] Found 142 unsigned appointments total.
2026-05-04 18:19:56 [INFO] Found 0 upcoming appointments missing perio charts.
2026-05-04 18:19:56 [INFO] Sending emails to 4 provider(s).
2026-05-04 18:19:56 [INFO]   \U0001f4c4 Notes file generated: C:\dental_automation\unsigned_notes\provider_notes\Taksh_Shah\Taksh_Shah_unsigned_notes_2026-05-04.txt
2026-05-04 18:19:58 [INFO]   \u2705 Email sent to Taksh Shah (pristine392@gmail.com) — 43 unsigned, 0 missing perio charts.
2026-05-04 18:19:58 [INFO]   \U0001f4c4 Notes file generated: C:\dental_automation\unsigned_notes\provider_notes\Ankita_Lulla\Ankita_Lulla_unsigned_notes_2026-05-04.txt
2026-05-04 18:20:00 [INFO]   \u2705 Email sent to Ankita Lulla (pristine392@gmail.com) — 30 unsigned, 0 missing perio charts.
2026-05-04 18:20:00 [INFO]   \U0001f4c4 Notes file generated: C:\dental_automation\unsigned_notes\provider_notes\Zainab_Al-Azzawi\Zainab_Al-Azzawi_unsigned_notes_2026-05-04.txt
2026-05-04 18:20:02 [INFO]   \u2705 Email sent to Zainab Al-Azzawi (pristine392@gmail.com) — 68 unsigned, 0 missing perio charts.
2026-05-04 18:20:02 [INFO]   \U0001f4c4 Notes file generated: C:\dental_automation\unsigned_notes\provider_notes\Dhaval_Shah\Dhaval_Shah_unsigned_notes_2026-05-04.txt
2026-05-04 18:20:04 [INFO]   \u2705 Email sent to Dhaval Shah (pristine392@gmail.com) — 1 unsigned, 0 missing perio charts.
2026-05-04 18:20:04 [INFO] === Done ===

2026-05-04 21:31:37 [INFO] === Unsigned Notes Emailer Started — May 04, 2026 ===
2026-05-04 21:31:37 [INFO] Database connected successfully.
2026-05-04 21:31:40 [INFO] Found 142 unsigned appointments total.
2026-05-04 21:31:40 [INFO] Found 0 upcoming appointments missing perio charts.
2026-05-04 21:31:40 [INFO] Sending emails to 4 provider(s).
2026-05-04 21:31:40 [INFO]   \U0001f4c4 Notes file generated: C:\dental_automation\unsigned_notes\provider_notes\Taksh_Shah\Taksh_Shah_unsigned_notes_2026-05-04.txt
2026-05-04 21:31:42 [INFO]   \u2705 Email sent to Taksh Shah (pristine392@gmail.com) — 43 unsigned, 0 missing perio charts.
2026-05-04 21:31:42 [INFO]   \U0001f4c4 Notes file generated: C:\dental_automation\unsigned_notes\provider_notes\Ankita_Lulla\Ankita_Lulla_unsigned_notes_2026-05-04.txt
2026-05-04 21:31:45 [INFO]   \u2705 Email sent to Ankita Lulla (pristine392@gmail.com) — 30 unsigned, 0 missing perio charts.
2026-05-04 21:31:45 [INFO]   \U0001f4c4 Notes file generated: C:\dental_automation\unsigned_notes\provider_notes\Zainab_Al-Azzawi\Zainab_Al-Azzawi_unsigned_notes_2026-05-04.txt
2026-05-04 21:31:47 [INFO]   \u2705 Email sent to Zainab Al-Azzawi (pristine392@gmail.com) — 68 unsigned, 0 missing perio charts.
2026-05-04 21:31:47 [INFO]   \U0001f4c4 Notes file generated: C:\dental_automation\unsigned_notes\provider_notes\Dhaval_Shah\Dhaval_Shah_unsigned_notes_2026-05-04.txt
2026-05-04 21:31:48 [INFO]   \u2705 Email sent to Dhaval Shah (pristine392@gmail.com) — 1 unsigned, 0 missing perio charts.
2026-05-04 21:31:48 [INFO] === Done ===

2026-05-05 10:00:00 [INFO] === Unsigned Notes Emailer Started — May 05, 2026 ===
2026-05-05 10:00:00 [INFO] Database connected successfully.
2026-05-05 10:00:02 [INFO] Found 138 unsigned appointments total.
2026-05-05 10:00:02 [INFO] Found 0 upcoming appointments missing perio charts.
2026-05-05 10:00:02 [INFO] Sending emails to 5 provider(s).
2026-05-05 10:00:02 [INFO]   \U0001f4c4 Notes file generated: C:\dental_automation\unsigned_notes\provider_notes\Taksh_Shah\Taksh_Shah_unsigned_notes_2026-05-05.txt
2026-05-05 10:00:04 [INFO]   \u2705 Email sent to Taksh Shah (pristine392@gmail.com) — 37 unsigned, 0 missing perio charts.
2026-05-05 10:00:04 [INFO]   \U0001f4c4 Notes file generated: C:\dental_automation\unsigned_notes\provider_notes\Ankita_Lulla\Ankita_Lulla_unsigned_notes_2026-05-05.txt
2026-05-05 10:00:07 [INFO]   \u2705 Email sent to Ankita Lulla (pristine392@gmail.com) — 30 unsigned, 0 missing perio charts.
2026-05-05 10:00:07 [INFO]   \U0001f4c4 Notes file generated: C:\dental_automation\unsigned_notes\provider_notes\Zainab_Al-Azzawi\Zainab_Al-Azzawi_unsigned_notes_2026-05-05.txt
2026-05-05 10:00:10 [INFO]   \u2705 Email sent to Zainab Al-Azzawi (pristine392@gmail.com) — 68 unsigned, 0 missing perio charts.
2026-05-05 10:00:10 [INFO]   \U0001f4c4 Notes file generated: C:\dental_automation\unsigned_notes\provider_notes\Dhaval_Shah\Dhaval_Shah_unsigned_notes_2026-05-05.txt
2026-05-05 10:00:11 [INFO]   \u2705 Email sent to Dhaval Shah (pristine392@gmail.com) — 1 unsigned, 0 missing perio charts.
2026-05-05 10:00:11 [INFO]   \U0001f4c4 Notes file generated: C:\dental_automation\unsigned_notes\provider_notes\Shubhsangeet_Johal\Shubhsangeet_Johal_unsigned_notes_2026-05-05.txt
2026-05-05 10:00:13 [INFO]   \u2705 Email sent to Shubhsangeet Johal (pristine392@gmail.com) — 2 unsigned, 0 missing perio charts.
2026-05-05 10:00:13 [INFO] === Done ===

2026-05-05 16:27:33 [INFO] === Unsigned Notes Emailer Started — May 05, 2026 ===
2026-05-05 16:27:33 [INFO] Database connected successfully.
2026-05-05 16:27:35 [INFO] Found 160 unsigned appointments total.
2026-05-05 16:27:35 [INFO] Found 2 upcoming appointments missing perio charts.
2026-05-05 16:27:35 [INFO] Sending emails to 5 provider(s).
2026-05-05 16:27:35 [INFO]   \U0001f4c4 Notes file generated: C:\dental_automation\unsigned_notes\provider_notes\Taksh_Shah\Taksh_Shah_unsigned_notes_2026-05-05.txt
2026-05-05 16:27:38 [INFO]   \u2705 Email sent to Taksh Shah (pristine392@gmail.com) — 37 unsigned, 0 missing perio charts.
2026-05-05 16:27:38 [INFO]   \U0001f4c4 Notes file generated: C:\dental_automation\unsigned_notes\provider_notes\Ankita_Lulla\Ankita_Lulla_unsigned_notes_2026-05-05.txt
2026-05-05 16:27:39 [INFO]   \u2705 Email sent to Ankita Lulla (pristine392@gmail.com) — 45 unsigned, 0 missing perio charts.
2026-05-05 16:27:39 [INFO]   \U0001f4c4 Notes file generated: C:\dental_automation\unsigned_notes\provider_notes\Zainab_Al-Azzawi\Zainab_Al-Azzawi_unsigned_notes_2026-05-05.txt
2026-05-05 16:27:41 [INFO]   \u2705 Email sent to Zainab Al-Azzawi (pristine392@gmail.com) — 68 unsigned, 0 missing perio charts.
2026-05-05 16:27:41 [INFO]   \U0001f4c4 Notes file generated: C:\dental_automation\unsigned_notes\provider_notes\Dhaval_Shah\Dhaval_Shah_unsigned_notes_2026-05-05.txt
2026-05-05 16:27:43 [INFO]   \u2705 Email sent to Dhaval Shah (pristine392@gmail.com) — 1 unsigned, 0 missing perio charts.
2026-05-05 16:27:43 [INFO]   \U0001f4c4 Notes file generated: C:\dental_automation\unsigned_notes\provider_notes\Shubhsangeet_Johal\Shubhsangeet_Johal_unsigned_notes_2026-05-05.txt
2026-05-05 16:27:44 [INFO]   \u2705 Email sent to Shubhsangeet Johal (pristine392@gmail.com) — 9 unsigned, 2 missing perio charts.
2026-05-05 16:27:44 [INFO] === Done ===

2026-05-06 10:00:00 [INFO] === Unsigned Notes Emailer Started — May 06, 2026 ===
2026-05-06 10:00:00 [INFO] Database connected successfully.
2026-05-06 10:00:03 [INFO] Found 163 unsigned appointments total.
2026-05-06 10:00:03 [INFO] Found 163 unsigned appointments total.
2026-05-06 10:00:03 [INFO] Found 2 upcoming appointments missing perio charts.
2026-05-06 10:00:03 [INFO] Sending emails to 5 provider(s).
2026-05-06 10:00:03 [INFO] Found 2 upcoming appointments missing perio charts.
2026-05-06 10:00:03 [INFO] Sending emails to 5 provider(s).
2026-05-06 10:00:03 [INFO]   \U0001f4c4 Notes file generated: C:\dental_automation\unsigned_notes\provider_notes\Taksh_Shah\Taksh_Shah_unsigned_notes_2026-05-06.txt
2026-05-06 10:00:03 [INFO]   \U0001f4c4 Notes file generated: C:\dental_automation\unsigned_notes\provider_notes\Taksh_Shah\Taksh_Shah_unsigned_notes_2026-05-06.txt
2026-05-06 10:00:05 [INFO]   \u2705 Email sent to Taksh Shah (pristine392@gmail.com) — 37 unsigned, 0 missing perio charts.
2026-05-06 10:00:05 [INFO]   \U0001f4c4 Notes file generated: C:\dental_automation\unsigned_notes\provider_notes\Ankita_Lulla\Ankita_Lulla_unsigned_notes_2026-05-06.txt
2026-05-06 10:00:05 [INFO]   \u2705 Email sent to Taksh Shah (pristine392@gmail.com) — 37 unsigned, 0 missing perio charts.
2026-05-06 10:00:05 [INFO]   \U0001f4c4 Notes file generated: C:\dental_automation\unsigned_notes\provider_notes\Ankita_Lulla\Ankita_Lulla_unsigned_notes_2026-05-06.txt
2026-05-06 10:00:07 [INFO]   \u2705 Email sent to Ankita Lulla (pristine392@gmail.com) — 48 unsigned, 0 missing perio charts.
2026-05-06 10:00:07 [INFO]   \U0001f4c4 Notes file generated: C:\dental_automation\unsigned_notes\provider_notes\Zainab_Al-Azzawi\Zainab_Al-Azzawi_unsigned_notes_2026-05-06.txt
2026-05-06 10:00:08 [INFO]   \u2705 Email sent to Ankita Lulla (pristine392@gmail.com) — 48 unsigned, 0 missing perio charts.
2026-05-06 10:00:08 [INFO]   \U0001f4c4 Notes file generated: C:\dental_automation\unsigned_notes\provider_notes\Zainab_Al-Azzawi\Zainab_Al-Azzawi_unsigned_notes_2026-05-06.txt
2026-05-06 10:00:11 [INFO]   \u2705 Email sent to Zainab Al-Azzawi (pristine392@gmail.com) — 68 unsigned, 0 missing perio charts.
2026-05-06 10:00:11 [INFO]   \U0001f4c4 Notes file generated: C:\dental_automation\unsigned_notes\provider_notes\Dhaval_Shah\Dhaval_Shah_unsigned_notes_2026-05-06.txt
2026-05-06 10:00:11 [INFO]   \u2705 Email sent to Zainab Al-Azzawi (pristine392@gmail.com) — 68 unsigned, 0 missing perio charts.
2026-05-06 10:00:11 [INFO]   \U0001f4c4 Notes file generated: C:\dental_automation\unsigned_notes\provider_notes\Dhaval_Shah\Dhaval_Shah_unsigned_notes_2026-05-06.txt
2026-05-06 10:00:13 [INFO]   \u2705 Email sent to Dhaval Shah (pristine392@gmail.com) — 1 unsigned, 0 missing perio charts.
2026-05-06 10:00:13 [INFO]   \U0001f4c4 Notes file generated: C:\dental_automation\unsigned_notes\provider_notes\Shubhsangeet_Johal\Shubhsangeet_Johal_unsigned_notes_2026-05-06.txt
2026-05-06 10:00:14 [INFO]   \u2705 Email sent to Dhaval Shah (pristine392@gmail.com) — 1 unsigned, 0 missing perio charts.
2026-05-06 10:00:14 [INFO]   \U0001f4c4 Notes file generated: C:\dental_automation\unsigned_notes\provider_notes\Shubhsangeet_Johal\Shubhsangeet_Johal_unsigned_notes_2026-05-06.txt
2026-05-06 10:00:15 [INFO]   \u2705 Email sent to Shubhsangeet Johal (pristine392@gmail.com) — 9 unsigned, 2 missing perio charts.
2026-05-06 10:00:15 [INFO] === Done ===

2026-05-06 10:00:16 [INFO]   \u2705 Email sent to Shubhsangeet Johal (pristine392@gmail.com) — 9 unsigned, 2 missing perio charts.
2026-05-06 10:00:16 [INFO] === Done ===

2026-05-07 10:00:00 [INFO] === Unsigned Notes Emailer Started — May 07, 2026 ===
2026-05-07 10:00:00 [INFO] === Unsigned Notes Emailer Started — May 07, 2026 ===
2026-05-07 10:00:00 [INFO] Database connected successfully.
2026-05-07 10:00:03 [INFO] Found 116 unsigned appointments total.
2026-05-07 10:00:03 [INFO] Found 0 upcoming appointments missing perio charts.
2026-05-07 10:00:03 [INFO] Sending emails to 4 provider(s).
2026-05-07 10:00:03 [INFO]   \U0001f4c4 Notes file generated: C:\dental_automation\unsigned_notes\provider_notes\Taksh_Shah\Taksh_Shah_unsigned_notes_2026-05-07.txt
2026-05-07 10:00:03 [INFO] Found 116 unsigned appointments total.
2026-05-07 10:00:03 [INFO] Found 0 upcoming appointments missing perio charts.
2026-05-07 10:00:03 [INFO] Sending emails to 4 provider(s).
2026-05-07 10:00:03 [INFO]   \U0001f4c4 Notes file generated: C:\dental_automation\unsigned_notes\provider_notes\Taksh_Shah\Taksh_Shah_unsigned_notes_2026-05-07.txt
2026-05-07 10:00:05 [INFO]   \u2705 Email sent to Taksh Shah (pristine392@gmail.com) — 28 unsigned, 0 missing perio charts.
2026-05-07 10:00:05 [INFO]   \U0001f4c4 Notes file generated: C:\dental_automation\unsigned_notes\provider_notes\Ankita_Lulla\Ankita_Lulla_unsigned_notes_2026-05-07.txt
2026-05-07 10:00:07 [INFO]   \u2705 Email sent to Taksh Shah (pristine392@gmail.com) — 28 unsigned, 0 missing perio charts.
2026-05-07 10:00:07 [INFO]   \U0001f4c4 Notes file generated: C:\dental_automation\unsigned_notes\provider_notes\Ankita_Lulla\Ankita_Lulla_unsigned_notes_2026-05-07.txt
2026-05-07 10:00:08 [INFO]   \u2705 Email sent to Ankita Lulla (pristine392@gmail.com) — 19 unsigned, 0 missing perio charts.
2026-05-07 10:00:08 [INFO]   \U0001f4c4 Notes file generated: C:\dental_automation\unsigned_notes\provider_notes\Zainab_Al-Azzawi\Zainab_Al-Azzawi_unsigned_notes_2026-05-07.txt
2026-05-07 10:00:10 [INFO]   \u2705 Email sent to Ankita Lulla (pristine392@gmail.com) — 19 unsigned, 0 missing perio charts.
2026-05-07 10:00:10 [INFO]   \U0001f4c4 Notes file generated: C:\dental_automation\unsigned_notes\provider_notes\Zainab_Al-Azzawi\Zainab_Al-Azzawi_unsigned_notes_2026-05-07.txt
2026-05-07 10:00:10 [INFO]   \u2705 Email sent to Zainab Al-Azzawi (pristine392@gmail.com) — 68 unsigned, 0 missing perio charts.
2026-05-07 10:00:10 [INFO]   \U0001f4c4 Notes file generated: C:\dental_automation\unsigned_notes\provider_notes\Dhaval_Shah\Dhaval_Shah_unsigned_notes_2026-05-07.txt
2026-05-07 10:00:12 [INFO]   \u2705 Email sent to Dhaval Shah (pristine392@gmail.com) — 1 unsigned, 0 missing perio charts.
2026-05-07 10:00:12 [INFO] === Done ===

2026-05-07 10:00:14 [INFO]   \u2705 Email sent to Zainab Al-Azzawi (pristine392@gmail.com) — 68 unsigned, 0 missing perio charts.
2026-05-07 10:00:14 [INFO]   \U0001f4c4 Notes file generated: C:\dental_automation\unsigned_notes\provider_notes\Dhaval_Shah\Dhaval_Shah_unsigned_notes_2026-05-07.txt
2026-05-07 10:00:16 [INFO]   \u2705 Email sent to Dhaval Shah (pristine392@gmail.com) — 1 unsigned, 0 missing perio charts.
2026-05-07 10:00:16 [INFO] === Done ===

2026-05-08 10:00:01 [INFO] === Unsigned Notes Emailer Started — May 08, 2026 ===
2026-05-08 10:00:01 [INFO] Database connected successfully.
2026-05-08 10:00:04 [INFO] Found 129 unsigned appointments total.
2026-05-08 10:00:04 [INFO] Found 129 unsigned appointments total.
2026-05-08 10:00:04 [INFO] Found 0 upcoming appointments missing perio charts.
2026-05-08 10:00:04 [INFO] Sending emails to 5 provider(s).
2026-05-08 10:00:04 [INFO] Sending emails to 5 provider(s).
2026-05-08 10:00:04 [INFO]   \U0001f4c4 Notes file generated: C:\dental_automation\unsigned_notes\provider_notes\Taksh_Shah\Taksh_Shah_unsigned_notes_2026-05-08.txt
2026-05-08 10:00:04 [INFO]   \U0001f4c4 Notes file generated: C:\dental_automation\unsigned_notes\provider_notes\Taksh_Shah\Taksh_Shah_unsigned_notes_2026-05-08.txt
2026-05-08 10:00:07 [INFO]   \u2705 Email sent to Taksh Shah (pristine392@gmail.com) — 28 unsigned, 0 missing perio charts.
2026-05-08 10:00:07 [INFO]   \U0001f4c4 Notes file generated: C:\dental_automation\unsigned_notes\provider_notes\Ankita_Lulla\Ankita_Lulla_unsigned_notes_2026-05-08.txt
2026-05-08 10:00:08 [INFO]   \u2705 Email sent to Taksh Shah (pristine392@gmail.com) — 28 unsigned, 0 missing perio charts.
2026-05-08 10:00:08 [INFO]   \U0001f4c4 Notes file generated: C:\dental_automation\unsigned_notes\provider_notes\Ankita_Lulla\Ankita_Lulla_unsigned_notes_2026-05-08.txt
2026-05-08 10:00:09 [INFO]   \u2705 Email sent to Ankita Lulla (pristine392@gmail.com) — 7 unsigned, 0 missing perio charts.
2026-05-08 10:00:09 [INFO]   \U0001f4c4 Notes file generated: C:\dental_automation\unsigned_notes\provider_notes\Zainab_Al-Azzawi\Zainab_Al-Azzawi_unsigned_notes_2026-05-08.txt
2026-05-08 10:00:11 [INFO]   \u2705 Email sent to Ankita Lulla (pristine392@gmail.com) — 7 unsigned, 0 missing perio charts.
2026-05-08 10:00:11 [INFO]   \U0001f4c4 Notes file generated: C:\dental_automation\unsigned_notes\provider_notes\Zainab_Al-Azzawi\Zainab_Al-Azzawi_unsigned_notes_2026-05-08.txt
2026-05-08 10:00:13 [INFO]   \u2705 Email sent to Zainab Al-Azzawi (pristine392@gmail.com) — 88 unsigned, 0 missing perio charts.
2026-05-08 10:00:13 [INFO]   \U0001f4c4 Notes file generated: C:\dental_automation\unsigned_notes\provider_notes\Dhaval_Shah\Dhaval_Shah_unsigned_notes_2026-05-08.txt
2026-05-08 10:00:14 [INFO]   \u2705 Email sent to Zainab Al-Azzawi (pristine392@gmail.com) — 88 unsigned, 0 missing perio charts.
2026-05-08 10:00:14 [INFO]   \U0001f4c4 Notes file generated: C:\dental_automation\unsigned_notes\provider_notes\Dhaval_Shah\Dhaval_Shah_unsigned_notes_2026-05-08.txt
2026-05-08 10:00:16 [INFO]   \u2705 Email sent to Dhaval Shah (pristine392@gmail.com) — 1 unsigned, 0 missing perio charts.
2026-05-08 10:00:16 [INFO]   \U0001f4c4 Notes file generated: C:\dental_automation\unsigned_notes\provider_notes\Shubhsangeet_Johal\Shubhsangeet_Johal_unsigned_notes_2026-05-08.txt
2026-05-08 10:00:17 [INFO]   \u2705 Email sent to Dhaval Shah (pristine392@gmail.com) — 1 unsigned, 0 missing perio charts.
2026-05-08 10:00:17 [INFO]   \U0001f4c4 Notes file generated: C:\dental_automation\unsigned_notes\provider_notes\Shubhsangeet_Johal\Shubhsangeet_Johal_unsigned_notes_2026-05-08.txt
2026-05-08 10:00:18 [INFO]   \u2705 Email sent to Shubhsangeet Johal (pristine392@gmail.com) — 5 unsigned, 0 missing perio charts.
2026-05-08 10:00:18 [INFO] === Done ===

2026-05-08 10:00:20 [INFO]   \u2705 Email sent to Shubhsangeet Johal (pristine392@gmail.com) — 5 unsigned, 0 missing perio charts.
2026-05-08 10:00:20 [INFO] === Done ===

2026-05-09 10:00:00 [INFO] === Unsigned Notes Emailer Started — May 09, 2026 ===
2026-05-09 10:00:00 [INFO] Database connected successfully.
2026-05-09 10:00:00 [INFO] Database connected successfully.
2026-05-09 10:00:03 [INFO] Found 124 unsigned appointments total.
2026-05-09 10:00:03 [INFO] Found 0 upcoming appointments missing perio charts.
2026-05-09 10:00:03 [INFO] Sending emails to 4 provider(s).
2026-05-09 10:00:03 [INFO]   \U0001f4c4 Notes file generated: C:\dental_automation\unsigned_notes\provider_notes\Taksh_Shah\Taksh_Shah_unsigned_notes_2026-05-09.txt
2026-05-09 10:00:03 [INFO] Found 124 unsigned appointments total.
2026-05-09 10:00:03 [INFO] Found 0 upcoming appointments missing perio charts.
2026-05-09 10:00:03 [INFO] Sending emails to 4 provider(s).
2026-05-09 10:00:03 [INFO]   \U0001f4c4 Notes file generated: C:\dental_automation\unsigned_notes\provider_notes\Taksh_Shah\Taksh_Shah_unsigned_notes_2026-05-09.txt
2026-05-09 10:00:05 [INFO]   \u2705 Email sent to Taksh Shah (pristine392@gmail.com) — 28 unsigned, 0 missing perio charts.
2026-05-09 10:00:05 [INFO]   \U0001f4c4 Notes file generated: C:\dental_automation\unsigned_notes\provider_notes\Zainab_Al-Azzawi\Zainab_Al-Azzawi_unsigned_notes_2026-05-09.txt
2026-05-09 10:00:06 [INFO]   \u2705 Email sent to Taksh Shah (pristine392@gmail.com) — 28 unsigned, 0 missing perio charts.
2026-05-09 10:00:06 [INFO]   \U0001f4c4 Notes file generated: C:\dental_automation\unsigned_notes\provider_notes\Zainab_Al-Azzawi\Zainab_Al-Azzawi_unsigned_notes_2026-05-09.txt
2026-05-09 10:00:08 [INFO]   \u2705 Email sent to Zainab Al-Azzawi (pristine392@gmail.com) — 92 unsigned, 0 missing perio charts.
2026-05-09 10:00:08 [INFO]   \U0001f4c4 Notes file generated: C:\dental_automation\unsigned_notes\provider_notes\Dhaval_Shah\Dhaval_Shah_unsigned_notes_2026-05-09.txt
2026-05-09 10:00:08 [INFO]   \u2705 Email sent to Zainab Al-Azzawi (pristine392@gmail.com) — 92 unsigned, 0 missing perio charts.
2026-05-09 10:00:08 [INFO]   \U0001f4c4 Notes file generated: C:\dental_automation\unsigned_notes\provider_notes\Dhaval_Shah\Dhaval_Shah_unsigned_notes_2026-05-09.txt
2026-05-09 10:00:09 [INFO]   \u2705 Email sent to Dhaval Shah (pristine392@gmail.com) — 1 unsigned, 0 missing perio charts.
2026-05-09 10:00:09 [INFO]   \U0001f4c4 Notes file generated: C:\dental_automation\unsigned_notes\provider_notes\Ankita_Lulla\Ankita_Lulla_unsigned_notes_2026-05-09.txt
2026-05-09 10:00:10 [INFO]   \u2705 Email sent to Dhaval Shah (pristine392@gmail.com) — 1 unsigned, 0 missing perio charts.
2026-05-09 10:00:10 [INFO]   \U0001f4c4 Notes file generated: C:\dental_automation\unsigned_notes\provider_notes\Ankita_Lulla\Ankita_Lulla_unsigned_notes_2026-05-09.txt
2026-05-09 10:00:11 [INFO]   \u2705 Email sent to Ankita Lulla (pristine392@gmail.com) — 3 unsigned, 0 missing perio charts.
2026-05-09 10:00:11 [INFO] === Done ===

2026-05-09 10:00:12 [INFO]   \u2705 Email sent to Ankita Lulla (pristine392@gmail.com) — 3 unsigned, 0 missing perio charts.
2026-05-09 10:00:12 [INFO] === Done ===

